Archive member included to satisfy reference by file (symbol)

c:/program files (x86)/atmel/studio/7.0/toolchain/avr8/avr8-gnu-toolchain/bin/../lib/gcc/avr/5.4.0/../../../../avr/lib/avr6\libm.a(addsf3.o)
                              code/src/thermal.o (__addsf3)
c:/program files (x86)/atmel/studio/7.0/toolchain/avr8/avr8-gnu-toolchain/bin/../lib/gcc/avr/5.4.0/../../../../avr/lib/avr6\libm.a(addsf3x.o)
                              c:/program files (x86)/atmel/studio/7.0/toolchain/avr8/avr8-gnu-toolchain/bin/../lib/gcc/avr/5.4.0/../../../../avr/lib/avr6\libm.a(addsf3.o) (__addsf3x)
c:/program files (x86)/atmel/studio/7.0/toolchain/avr8/avr8-gnu-toolchain/bin/../lib/gcc/avr/5.4.0/../../../../avr/lib/avr6\libm.a(divsf3.o)
                              code/src/audio/pod_funk.o (__divsf3)
c:/program files (x86)/atmel/studio/7.0/toolchain/avr8/avr8-gnu-toolchain/bin/../lib/gcc/avr/5.4.0/../../../../avr/lib/avr6\libm.a(divsf3x.o)
                              c:/program files (x86)/atmel/studio/7.0/toolchain/avr8/avr8-gnu-toolchain/bin/../lib/gcc/avr/5.4.0/../../../../avr/lib/avr6\libm.a(divsf3.o) (__divsf3x)
c:/program files (x86)/atmel/studio/7.0/toolchain/avr8/avr8-gnu-toolchain/bin/../lib/gcc/avr/5.4.0/../../../../avr/lib/avr6\libm.a(fixunssfsi.o)
                              code/src/audio/pod_funk.o (__fixunssfsi)
c:/program files (x86)/atmel/studio/7.0/toolchain/avr8/avr8-gnu-toolchain/bin/../lib/gcc/avr/5.4.0/../../../../avr/lib/avr6\libm.a(floatsisf.o)
                              code/src/core.o (__floatunsisf)
c:/program files (x86)/atmel/studio/7.0/toolchain/avr8/avr8-gnu-toolchain/bin/../lib/gcc/avr/5.4.0/../../../../avr/lib/avr6\libm.a(fp_inf.o)
                              c:/program files (x86)/atmel/studio/7.0/toolchain/avr8/avr8-gnu-toolchain/bin/../lib/gcc/avr/5.4.0/../../../../avr/lib/avr6\libm.a(addsf3x.o) (__fp_inf)
c:/program files (x86)/atmel/studio/7.0/toolchain/avr8/avr8-gnu-toolchain/bin/../lib/gcc/avr/5.4.0/../../../../avr/lib/avr6\libm.a(fp_nan.o)
                              c:/program files (x86)/atmel/studio/7.0/toolchain/avr8/avr8-gnu-toolchain/bin/../lib/gcc/avr/5.4.0/../../../../avr/lib/avr6\libm.a(addsf3x.o) (__fp_nan)
c:/program files (x86)/atmel/studio/7.0/toolchain/avr8/avr8-gnu-toolchain/bin/../lib/gcc/avr/5.4.0/../../../../avr/lib/avr6\libm.a(fp_pscA.o)
                              c:/program files (x86)/atmel/studio/7.0/toolchain/avr8/avr8-gnu-toolchain/bin/../lib/gcc/avr/5.4.0/../../../../avr/lib/avr6\libm.a(addsf3x.o) (__fp_pscA)
c:/program files (x86)/atmel/studio/7.0/toolchain/avr8/avr8-gnu-toolchain/bin/../lib/gcc/avr/5.4.0/../../../../avr/lib/avr6\libm.a(fp_pscB.o)
                              c:/program files (x86)/atmel/studio/7.0/toolchain/avr8/avr8-gnu-toolchain/bin/../lib/gcc/avr/5.4.0/../../../../avr/lib/avr6\libm.a(addsf3x.o) (__fp_pscB)
c:/program files (x86)/atmel/studio/7.0/toolchain/avr8/avr8-gnu-toolchain/bin/../lib/gcc/avr/5.4.0/../../../../avr/lib/avr6\libm.a(fp_round.o)
                              c:/program files (x86)/atmel/studio/7.0/toolchain/avr8/avr8-gnu-toolchain/bin/../lib/gcc/avr/5.4.0/../../../../avr/lib/avr6\libm.a(addsf3.o) (__fp_round)
c:/program files (x86)/atmel/studio/7.0/toolchain/avr8/avr8-gnu-toolchain/bin/../lib/gcc/avr/5.4.0/../../../../avr/lib/avr6\libm.a(fp_split3.o)
                              c:/program files (x86)/atmel/studio/7.0/toolchain/avr8/avr8-gnu-toolchain/bin/../lib/gcc/avr/5.4.0/../../../../avr/lib/avr6\libm.a(addsf3x.o) (__fp_split3)
c:/program files (x86)/atmel/studio/7.0/toolchain/avr8/avr8-gnu-toolchain/bin/../lib/gcc/avr/5.4.0/../../../../avr/lib/avr6\libm.a(fp_zero.o)
                              c:/program files (x86)/atmel/studio/7.0/toolchain/avr8/avr8-gnu-toolchain/bin/../lib/gcc/avr/5.4.0/../../../../avr/lib/avr6\libm.a(addsf3x.o) (__fp_zero)
c:/program files (x86)/atmel/studio/7.0/toolchain/avr8/avr8-gnu-toolchain/bin/../lib/gcc/avr/5.4.0/../../../../avr/lib/avr6\libm.a(gesf2.o)
                              code/src/thermal.o (__gtsf2)
c:/program files (x86)/atmel/studio/7.0/toolchain/avr8/avr8-gnu-toolchain/bin/../lib/gcc/avr/5.4.0/../../../../avr/lib/avr6\libm.a(mulsf3.o)
                              code/src/audio/pod_funk.o (__mulsf3)
c:/program files (x86)/atmel/studio/7.0/toolchain/avr8/avr8-gnu-toolchain/bin/../lib/gcc/avr/5.4.0/../../../../avr/lib/avr6\libm.a(mulsf3x.o)
                              c:/program files (x86)/atmel/studio/7.0/toolchain/avr8/avr8-gnu-toolchain/bin/../lib/gcc/avr/5.4.0/../../../../avr/lib/avr6\libm.a(mulsf3.o) (__mulsf3x)
c:/program files (x86)/atmel/studio/7.0/toolchain/avr8/avr8-gnu-toolchain/bin/../lib/gcc/avr/5.4.0/../../../../avr/lib/avr6\libm.a(fp_cmp.o)
                              c:/program files (x86)/atmel/studio/7.0/toolchain/avr8/avr8-gnu-toolchain/bin/../lib/gcc/avr/5.4.0/../../../../avr/lib/avr6\libm.a(gesf2.o) (__fp_cmp)
[...]
Memory Configuration

Name             Origin             Length             Attributes
text             0x00000000         0x00040000         xr
data             0x00800200         0x00002000         rw !x
eeprom           0x00810000         0x00001000         rw !x
fuse             0x00820000         0x00000003         rw !x
lock             0x00830000         0x00000400         rw !x
signature        0x00840000         0x00000400         rw !x
user_signatures  0x00850000         0x00000400         rw !x
*default*        0x00000000         0xffffffff

Linker script and memory map

Address of section .data set to 0x800200
LOAD C:/Program Files (x86)/Atmel/Studio/7.0/Packs/atmel/ATmega_DFP/1.6.364/gcc/dev/atmega2560/avr6/crtatmega2560.o
LOAD code/castimer/castimer.o
LOAD code/FreeRTOS-10.4.3-8/src/croutine.o
LOAD code/FreeRTOS-10.4.3-8/src/event_groups.o
LOAD code/FreeRTOS-10.4.3-8/src/heap_4.o
LOAD code/FreeRTOS-10.4.3-8/src/list.o
LOAD code/FreeRTOS-10.4.3-8/src/port.o
LOAD code/FreeRTOS-10.4.3-8/src/queue.o
LOAD code/FreeRTOS-10.4.3-8/src/stream_buffer.o
LOAD code/FreeRTOS-10.4.3-8/src/tasks.o
LOAD code/FreeRTOS-10.4.3-8/src/timers.o
LOAD code/FreeRTOS-10.4.3-8/src/variantHooks.o
LOAD code/main.o
LOAD code/src/audio/audiovs.o
LOAD code/src/audio/meritve.o
LOAD code/src/audio/pod_funk.o
LOAD code/src/audio/pod_task.o
LOAD code/src/core.o
LOAD code/src/events/events.o
LOAD code/src/Hardware Functions/EEPROM/eeprom.o
LOAD code/src/Hardware Functions/outputs.o
LOAD code/src/includes/structs.o
LOAD code/src/Power/chrg.o
LOAD code/src/Power/zaslon.o
LOAD code/src/thermal.o
LOAD code/VHOD/vhod.o
START GROUP
LOAD c:/program files (x86)/atmel/studio/7.0/toolchain/avr8/avr8-gnu-toolchain/bin/../lib/gcc/avr/5.4.0/../../../../avr/lib/avr6\libm.a
END GROUP
LOAD c:/program files (x86)/atmel/studio/7.0/toolchain/avr8/avr8-gnu-toolchain/bin/../lib/gcc/avr/5.4.0/avr6\libgcc.a
LOAD c:/program files (x86)/atmel/studio/7.0/toolchain/avr8/avr8-gnu-toolchain/bin/../lib/gcc/avr/5.4.0/../../../../avr/lib/avr6\libm.a
START GROUP
LOAD c:/program files (x86)/atmel/studio/7.0/toolchain/avr8/avr8-gnu-toolchain/bin/../lib/gcc/avr/5.4.0/avr6\libgcc.a
LOAD c:/program files (x86)/atmel/studio/7.0/toolchain/avr8/avr8-gnu-toolchain/bin/../lib/gcc/avr/5.4.0/../../../../avr/lib/avr6\libm.a
LOAD c:/program files (x86)/atmel/studio/7.0/toolchain/avr8/avr8-gnu-toolchain/bin/../lib/gcc/avr/5.4.0/../../../../avr/lib/avr6\libc.a
LOAD C:/Program Files (x86)/Atmel/Studio/7.0/Packs/atmel/ATmega_DFP/1.6.364/gcc/dev/atmega2560/avr6\libatmega2560.a
END GROUP
                0x00000000                __TEXT_REGION_ORIGIN__ = DEFINED (__TEXT_REGION_ORIGIN__)?__TEXT_REGION_ORIGIN__:0x0
                [0x00800200]                __DATA_REGION_ORIGIN__ = DEFINED (__DATA_REGION_ORIGIN__)?__DATA_REGION_ORIGIN__:0x800200
                [0x00040000]                __TEXT_REGION_LENGTH__ = DEFINED (__TEXT_REGION_LENGTH__)?__TEXT_REGION_LENGTH__:0x100000
                [0x00002000]                __DATA_REGION_LENGTH__ = DEFINED (__DATA_REGION_LENGTH__)?__DATA_REGION_LENGTH__:0xfe00
                [0x00001000]                __EEPROM_REGION_LENGTH__ = DEFINED (__EEPROM_REGION_LENGTH__)?__EEPROM_REGION_LENGTH__:0x10000
                [0x00000003]                __FUSE_REGION_LENGTH__ = DEFINED (__FUSE_REGION_LENGTH__)?__FUSE_REGION_LENGTH__:0x400
                0x00000400                __LOCK_REGION_LENGTH__ = DEFINED (__LOCK_REGION_LENGTH__)?__LOCK_REGION_LENGTH__:0x400
                0x00000400                __SIGNATURE_REGION_LENGTH__ = DEFINED (__SIGNATURE_REGION_LENGTH__)?__SIGNATURE_REGION_LENGTH__:0x400
                0x00000400                __USER_SIGNATURE_REGION_LENGTH__ = DEFINED (__USER_SIGNATURE_REGION_LENGTH__)?__USER_SIGNATURE_REGION_LENGTH__:0x400

.hash
 *(.hash)

.dynsym
 *(.dynsym)

.dynstr
 *(.dynstr)

.gnu.version
 *(.gnu.version)

.gnu.version_d
 *(.gnu.version_d)

.gnu.version_r
 *(.gnu.version_r)

.rel.init
 *(.rel.init)

.rela.init
 *(.rela.init)

.rel.text
 *(.rel.text)
 *(.rel.text.*)
 *(.rel.gnu.linkonce.t*)

.rela.text
 *(.rela.text)
 *(.rela.text.*)
 *(.rela.gnu.linkonce.t*)

.rel.fini
 *(.rel.fini)

.rela.fini
 *(.rela.fini)

.rel.rodata
 *(.rel.rodata)
 *(.rel.rodata.*)
 *(.rel.gnu.linkonce.r*)

.rela.rodata
 *(.rela.rodata)
 *(.rela.rodata.*)
 *(.rela.gnu.linkonce.r*)

.rel.data
 *(.rel.data)
 *(.rel.data.*)
 *(.rel.gnu.linkonce.d*)

.rela.data
 *(.rela.data)
 *(.rela.data.*)
 *(.rela.gnu.linkonce.d*)

.rel.ctors
 *(.rel.ctors)

.rela.ctors
 *(.rela.ctors)

.rel.dtors
 *(.rel.dtors)

.rela.dtors
 *(.rela.dtors)

.rel.got
 *(.rel.got)

.rela.got
 *(.rela.got)

.rel.bss
 *(.rel.bss)

.rela.bss
 *(.rela.bss)

.rel.plt
 *(.rel.plt)

.rela.plt
 *(.rela.plt)

.text           0x00000000     0x4338
 *(.vectors)
 .vectors       0x00000000       0xe4 C:/Program Files (x86)/Atmel/Studio/7.0/Packs/atmel/ATmega_DFP/1.6.364/gcc/dev/atmega2560/avr6/crtatmega2560.o
                0x00000000                __vector_default
                0x00000000                __vectors
 *(.vectors)
 *(.progmem.gcc*)
 .progmem.gcc_sw_table.prvProcessReceivedCommands
                0x000000e4       0x14 code/FreeRTOS-10.4.3-8/src/timers.o
                0x000000f8                . = ALIGN (0x2)
                0x000000f8                __trampolines_start = .
 *(.trampolines)
 .trampolines   0x000000f8        0x0 linker stubs
 *(.trampolines*)
                0x000000f8                __trampolines_end = .
 *libprintf_flt.a:*(.progmem.data)
 *libc.a:*(.progmem.data)
 *(.progmem*)
                0x000000f8                . = ALIGN (0x2)
 *(.jumptables)
 *(.jumptables*)
 *(.lowtext)
 .lowtext       0x000000f8       0x10 code/FreeRTOS-10.4.3-8/src/tasks.o
 .lowtext       0x00000108       0x1e code/FreeRTOS-10.4.3-8/src/timers.o
 *(.lowtext*)
                0x00000126                __ctors_start = .
 *(.ctors)
 .ctors         0x00000126        0x2 code/src/core.o
 .ctors         0x00000128        0x2 code/src/events/events.o
 .ctors         0x0000012a        0x2 code/src/includes/structs.o
                0x0000012c                __ctors_end = .
                0x0000012c                __dtors_start = .
 *(.dtors)
                0x0000012c                __dtors_end = .
 SORT(*)(.ctors)
 SORT(*)(.dtors)
 *(.init0)
 .init0         0x0000012c        0x0 C:/Program Files (x86)/Atmel/Studio/7.0/Packs/atmel/ATmega_DFP/1.6.364/gcc/dev/atmega2560/avr6/crtatmega2560.o
                0x0000012c                __init
 *(.init0)
 *(.init1)
 *(.init1)
 *(.init2)
 .init2         0x0000012c       0x10 C:/Program Files (x86)/Atmel/Studio/7.0/Packs/atmel/ATmega_DFP/1.6.364/gcc/dev/atmega2560/avr6/crtatmega2560.o
 *(.init2)
 *(.init3)
 *(.init3)
 *(.init4)
 .init4         0x0000013c       0x1a c:/program files (x86)/atmel/studio/7.0/toolchain/avr8/avr8-gnu-toolchain/bin/../lib/gcc/avr/5.4.0/avr6\libgcc.a(_copy_data.o)
                0x0000013c                __do_copy_data
 .init4         0x00000156       0x10 c:/program files (x86)/atmel/studio/7.0/toolchain/avr8/avr8-gnu-toolchain/bin/../lib/gcc/avr/5.4.0/avr6\libgcc.a(_clear_bss.o)
                0x00000156                __do_clear_bss
 *(.init4)
 *(.init5)
 *(.init5)
 *(.init6)
 .init6         0x00000166       0x20 c:/program files (x86)/atmel/studio/7.0/toolchain/avr8/avr8-gnu-toolchain/bin/../lib/gcc/avr/5.4.0/avr6\libgcc.a(_ctors.o)
                0x00000166                __do_global_ctors
 *(.init6)
 *(.init7)
 *(.init7)
 *(.init8)
 *(.init8)
 *(.init9)
 .init9         0x00000186        0x8 C:/Program Files (x86)/Atmel/Studio/7.0/Packs/atmel/ATmega_DFP/1.6.364/gcc/dev/atmega2560/avr6/crtatmega2560.o
 *(.init9)
 *(.text)
 .text          0x0000018e        0x2 C:/Program Files (x86)/Atmel/Studio/7.0/Packs/atmel/ATmega_DFP/1.6.364/gcc/dev/atmega2560/avr6/crtatmega2560.o
                0x0000018e                __vector_38
                0x0000018e                __vector_22
                0x0000018e                __vector_28
                0x0000018e                __vector_1
                0x0000018e                __vector_32
                0x0000018e                __vector_34
                0x0000018e                __vector_24
                0x0000018e                __vector_55
                0x0000018e                __vector_46
                0x0000018e                __bad_interrupt
                0x0000018e                __vector_6
                0x0000018e                __vector_31
                0x0000018e                __vector_35
                0x0000018e                __vector_39
                0x0000018e                __vector_3
                0x0000018e                __vector_23
                0x0000018e                __vector_30
                0x0000018e                __vector_45
                0x0000018e                __vector_25
                0x0000018e                __vector_11
                0x0000018e                __vector_54
                0x0000018e                __vector_13
                0x0000018e                __vector_17
                0x0000018e                __vector_19
                0x0000018e                __vector_56
                0x0000018e                __vector_7
                0x0000018e                __vector_49
                0x0000018e                __vector_41
                0x0000018e                __vector_43
                0x0000018e                __vector_27
                0x0000018e                __vector_5
                0x0000018e                __vector_33
                0x0000018e                __vector_47
                0x0000018e                __vector_52
                0x0000018e                __vector_37
                0x0000018e                __vector_4
                0x0000018e                __vector_44
                0x0000018e                __vector_51
                0x0000018e                __vector_9
                0x0000018e                __vector_2
                0x0000018e                __vector_15
                0x0000018e                __vector_36
                0x0000018e                __vector_29
                0x0000018e                __vector_40
                0x0000018e                __vector_8
                0x0000018e                __vector_26
                0x0000018e                __vector_48
                0x0000018e                __vector_14
                0x0000018e                __vector_53
                0x0000018e                __vector_10
                0x0000018e                __vector_50
                0x0000018e                __vector_16
                0x0000018e                __vector_18
                0x0000018e                __vector_20
                0x0000018e                __vector_42
                0x00000190                . = ALIGN (0x2)
 *(.text.*)
 .text._ZN8castimer8vrednostEv
                0x00000190       0x5a code/castimer/castimer.o
                0x00000190                _ZN8castimer8vrednostEv
 .text._ZN8castimer9ponastaviEv
                0x000001ea        0x6 code/castimer/castimer.o
                0x000001ea                _ZN8castimer9ponastaviEv
 .text.prvHeapInit
                0x000001f0       0x52 code/FreeRTOS-10.4.3-8/src/heap_4.o
 .text.prvInsertBlockIntoFreeList
                0x00000242       0x94 code/FreeRTOS-10.4.3-8/src/heap_4.o
 .text.pvPortMalloc
                0x000002d6      0x152 code/FreeRTOS-10.4.3-8/src/heap_4.o
                0x000002d6                pvPortMalloc
 .text.vPortFree
                0x00000428       0x7a code/FreeRTOS-10.4.3-8/src/heap_4.o
                0x00000428                vPortFree
 .text.vListInitialise
                0x000004a2       0x1c code/FreeRTOS-10.4.3-8/src/list.o
                0x000004a2                vListInitialise
 .text.vListInitialiseItem
                0x000004be        0x8 code/FreeRTOS-10.4.3-8/src/list.o
                0x000004be                vListInitialiseItem
 .text.vListInsertEnd
                0x000004c6       0x42 code/FreeRTOS-10.4.3-8/src/list.o
                0x000004c6                vListInsertEnd
 .text.vListInsert
                0x00000508       0x62 code/FreeRTOS-10.4.3-8/src/list.o
                0x00000508                vListInsert
 .text.uxListRemove
                0x0000056a       0x4e code/FreeRTOS-10.4.3-8/src/list.o
                0x0000056a                uxListRemove
 .text.prvSetupTimerInterrupt
                0x000005b8       0x18 code/FreeRTOS-10.4.3-8/src/port.o
 .text.pxPortInitialiseStack
                0x000005d0       0x2e code/FreeRTOS-10.4.3-8/src/port.o
                0x000005d0                pxPortInitialiseStack
 .text.xPortStartScheduler
                0x000005fe       0x64 code/FreeRTOS-10.4.3-8/src/port.o
                0x000005fe                xPortStartScheduler
 .text.vPortYield
                0x00000662       0xc2 code/FreeRTOS-10.4.3-8/src/port.o
                0x00000662                vPortYield
 .text.vPortYieldFromTick
                0x00000724       0xc8 code/FreeRTOS-10.4.3-8/src/port.o
                0x00000724                vPortYieldFromTick
 .text.__vector_12
                0x000007ec        0x4 code/FreeRTOS-10.4.3-8/src/port.o
                0x000007ec                __vector_12
 .text.prvGetDisinheritPriorityAfterTimeout
                0x000007f0       0x20 code/FreeRTOS-10.4.3-8/src/queue.o
 .text.prvIsQueueEmpty
                0x00000810       0x1a code/FreeRTOS-10.4.3-8/src/queue.o
 .text.prvIsQueueFull
                0x0000082a       0x1c code/FreeRTOS-10.4.3-8/src/queue.o
 .text.prvCopyDataToQueue
                0x00000846       0xbe code/FreeRTOS-10.4.3-8/src/queue.o
 .text.prvCopyDataFromQueue
                0x00000904       0x34 code/FreeRTOS-10.4.3-8/src/queue.o
 .text.prvUnlockQueue
                0x00000938       0x68 code/FreeRTOS-10.4.3-8/src/queue.o
 .text.xQueueGenericReset
                0x000009a0       0x86 code/FreeRTOS-10.4.3-8/src/queue.o
                0x000009a0                xQueueGenericReset
 .text.prvInitialiseNewQueue
                0x00000a26       0x24 code/FreeRTOS-10.4.3-8/src/queue.o
 .text.xQueueGenericCreate
                0x00000a4a       0x46 code/FreeRTOS-10.4.3-8/src/queue.o
                0x00000a4a                xQueueGenericCreate
 .text.xQueueGenericSend
                0x00000a90      0x10a code/FreeRTOS-10.4.3-8/src/queue.o
                0x00000a90                xQueueGenericSend
 .text.prvInitialiseMutex
                0x00000b9a       0x1e code/FreeRTOS-10.4.3-8/src/queue.o
 .text.xQueueCreateMutex
                0x00000bb8       0x18 code/FreeRTOS-10.4.3-8/src/queue.o
                0x00000bb8                xQueueCreateMutex
 .text.xQueueGenericSendFromISR
                0x00000bd0       0x76 code/FreeRTOS-10.4.3-8/src/queue.o
                0x00000bd0                xQueueGenericSendFromISR
 .text.xQueueReceive
                0x00000c46      0x102 code/FreeRTOS-10.4.3-8/src/queue.o
                0x00000c46                xQueueReceive
 .text.xQueueSemaphoreTake
                0x00000d48      0x142 code/FreeRTOS-10.4.3-8/src/queue.o
                0x00000d48                xQueueSemaphoreTake
 .text.vQueueWaitForMessageRestricted
                0x00000e8a       0x36 code/FreeRTOS-10.4.3-8/src/queue.o
                0x00000e8a                vQueueWaitForMessageRestricted
 .text.prvTaskIsTaskSuspended
                0x00000ec0       0x2e code/FreeRTOS-10.4.3-8/src/tasks.o
 .text.prvResetNextTaskUnblockTime
                0x00000eee       0x38 code/FreeRTOS-10.4.3-8/src/tasks.o
 .text.prvDeleteTCB
                0x00000f26       0x16 code/FreeRTOS-10.4.3-8/src/tasks.o
 .text.prvInitialiseNewTask
                0x00000f3c       0xea code/FreeRTOS-10.4.3-8/src/tasks.o
 .text.prvInitialiseTaskLists
                0x00001026       0x62 code/FreeRTOS-10.4.3-8/src/tasks.o
 .text.prvAddNewTaskToReadyList
                0x00001088       0xf6 code/FreeRTOS-10.4.3-8/src/tasks.o
 .text.prvCheckTasksWaitingTermination
                0x0000117e       0x48 code/FreeRTOS-10.4.3-8/src/tasks.o
 .text.prvAddCurrentTaskToDelayedList
                0x000011c6       0xfc code/FreeRTOS-10.4.3-8/src/tasks.o
 .text.xTaskCreate
                0x000012c2       0x96 code/FreeRTOS-10.4.3-8/src/tasks.o
                0x000012c2                xTaskCreate
 .text.vTaskDelete
                0x00001358       0x96 code/FreeRTOS-10.4.3-8/src/tasks.o
                0x00001358                vTaskDelete
 .text.eTaskGetState
                0x000013ee       0x98 code/FreeRTOS-10.4.3-8/src/tasks.o
                0x000013ee                eTaskGetState
 .text.vTaskResume
                0x00001486       0xc6 code/FreeRTOS-10.4.3-8/src/tasks.o
                0x00001486                vTaskResume
 .text.vTaskStartScheduler
                0x0000154c       0x5a code/FreeRTOS-10.4.3-8/src/tasks.o
                0x0000154c                vTaskStartScheduler
 .text.vTaskSuspendAll
                0x000015a6        0xc code/FreeRTOS-10.4.3-8/src/tasks.o
                0x000015a6                vTaskSuspendAll
 .text.xTaskGetTickCount
                0x000015b2       0x14 code/FreeRTOS-10.4.3-8/src/tasks.o
                0x000015b2                xTaskGetTickCount
 .text.xTaskIncrementTick
                0x000015c6      0x232 code/FreeRTOS-10.4.3-8/src/tasks.o
                0x000015c6                xTaskIncrementTick
 .text.xTaskResumeAll
                0x000017f8      0x1a6 code/FreeRTOS-10.4.3-8/src/tasks.o
                0x000017f8                xTaskResumeAll
 .text.vTaskDelay
                0x0000199e       0x26 code/FreeRTOS-10.4.3-8/src/tasks.o
                0x0000199e                vTaskDelay
 .text.vTaskSwitchContext
                0x000019c4       0xdc code/FreeRTOS-10.4.3-8/src/tasks.o
                0x000019c4                vTaskSwitchContext
 .text.vTaskSuspend
                0x00001aa0       0xbe code/FreeRTOS-10.4.3-8/src/tasks.o
                0x00001aa0                vTaskSuspend
 .text.vTaskPlaceOnEventList
                0x00001b5e       0x22 code/FreeRTOS-10.4.3-8/src/tasks.o
                0x00001b5e                vTaskPlaceOnEventList
 .text.vTaskPlaceOnEventListRestricted
                0x00001b80       0x90 code/FreeRTOS-10.4.3-8/src/tasks.o
                0x00001b80                vTaskPlaceOnEventListRestricted
 .text.xTaskRemoveFromEventList
                0x00001c10      0x17a code/FreeRTOS-10.4.3-8/src/tasks.o
                0x00001c10                xTaskRemoveFromEventList
 .text.vTaskInternalSetTimeOutState
                0x00001d8a       0x16 code/FreeRTOS-10.4.3-8/src/tasks.o
                0x00001d8a                vTaskInternalSetTimeOutState
 .text.xTaskCheckForTimeOut
                0x00001da0       0x7c code/FreeRTOS-10.4.3-8/src/tasks.o
                0x00001da0                xTaskCheckForTimeOut
 .text.vTaskMissedYield
                0x00001e1c        0x8 code/FreeRTOS-10.4.3-8/src/tasks.o
                0x00001e1c                vTaskMissedYield
 .text.xTaskGetSchedulerState
                0x00001e24       0x1c code/FreeRTOS-10.4.3-8/src/tasks.o
                0x00001e24                xTaskGetSchedulerState
 .text.xTaskPriorityInherit
                0x00001e40      0x128 code/FreeRTOS-10.4.3-8/src/tasks.o
                0x00001e40                xTaskPriorityInherit
 .text.xTaskPriorityDisinherit
                0x00001f68       0xc6 code/FreeRTOS-10.4.3-8/src/tasks.o
                0x00001f68                xTaskPriorityDisinherit
 .text.vTaskPriorityDisinheritAfterTimeout
                0x0000202e       0xe6 code/FreeRTOS-10.4.3-8/src/tasks.o
                0x0000202e                vTaskPriorityDisinheritAfterTimeout
 .text.pvTaskIncrementMutexHeldCount
                0x00002114       0x24 code/FreeRTOS-10.4.3-8/src/tasks.o
                0x00002114                pvTaskIncrementMutexHeldCount
 .text.prvGetNextExpireTime
                0x00002138       0x2a code/FreeRTOS-10.4.3-8/src/timers.o
 .text.prvInsertTimerInActiveList
                0x00002162       0x5e code/FreeRTOS-10.4.3-8/src/timers.o
 .text.prvCheckForValidListAndQueue
                0x000021c0       0x52 code/FreeRTOS-10.4.3-8/src/timers.o
 .text.xTimerCreateTimerTask
                0x00002212       0x40 code/FreeRTOS-10.4.3-8/src/timers.o
                0x00002212                xTimerCreateTimerTask
 .text.xTimerGenericCommand
                0x00002252       0x8e code/FreeRTOS-10.4.3-8/src/timers.o
                0x00002252                xTimerGenericCommand
 .text.prvSwitchTimerLists
                0x000022e0       0xa0 code/FreeRTOS-10.4.3-8/src/timers.o
 .text.prvSampleTimeNow
                0x00002380       0x3e code/FreeRTOS-10.4.3-8/src/timers.o
 .text.prvProcessExpiredTimer
                0x000023be       0x70 code/FreeRTOS-10.4.3-8/src/timers.o
 .text.prvProcessTimerOrBlockTask
                0x0000242e       0x84 code/FreeRTOS-10.4.3-8/src/timers.o
 .text.prvProcessReceivedCommands
                0x000024b2      0x122 code/FreeRTOS-10.4.3-8/src/timers.o
 .text._Z15prvSetMainLedOnv
                0x000025d4        0xe code/FreeRTOS-10.4.3-8/src/variantHooks.o
                0x000025d4                _Z15prvSetMainLedOnv
 .text._Z15prvBlinkMainLedv
                0x000025e2        0x8 code/FreeRTOS-10.4.3-8/src/variantHooks.o
                0x000025e2                _Z15prvBlinkMainLedv
 .text.vApplicationMallocFailedHook
                0x000025ea       0x12 code/FreeRTOS-10.4.3-8/src/variantHooks.o
                0x000025ea                vApplicationMallocFailedHook
 .text.vApplicationStackOverflowHook
                0x000025fc       0x18 code/FreeRTOS-10.4.3-8/src/variantHooks.o
                0x000025fc                vApplicationStackOverflowHook
 .text._Z4initv
                0x00002614       0x50 code/main.o
                0x00002614                _Z4initv
 .text.__vector_21
                0x00002664       0x50 code/main.o
                0x00002664                __vector_21
 .text.main     0x000026b4      0x12c code/main.o
                0x000026b4                main
 .text._Z12audio_visualPv
                0x000027e0      0x19e code/src/audio/audiovs.o
                0x000027e0                _Z12audio_visualPv
 .text._Z15AVG_Volume_Meriv
                0x0000297e       0xce code/src/audio/meritve.o
                0x0000297e                _Z15AVG_Volume_Meriv
 .text._Z24deleteALL_subAUDIO_tasksv
                0x00002a4c       0x6a code/src/audio/pod_funk.o
                0x00002a4c                _Z24deleteALL_subAUDIO_tasksv
 .text._Z9writeTRAKv
                0x00002ab6       0xf6 code/src/audio/pod_funk.o
                0x00002ab6                _Z9writeTRAKv
 .text._Z11flash_stripv
                0x00002bac       0x74 code/src/audio/pod_funk.o
                0x00002bac                _Z11flash_stripv
 .text._Z16color_fade_functPh
                0x00002c20      0x248 code/src/audio/pod_funk.o
                0x00002c20                _Z16color_fade_functPh
 .text._Z18svetlost_mod_functch
                0x00002e68       0x8c code/src/audio/pod_funk.o
                0x00002e68                _Z18svetlost_mod_functch
 .text._Z14strip_mode_chgPc
                0x00002ef4       0x6c code/src/audio/pod_funk.o
                0x00002ef4                _Z14strip_mode_chgPc
 .text._Z9fade_taskPv
                0x00002f60       0x92 code/src/audio/pod_task.o
                0x00002f60                _Z9fade_taskPv
 .text._Z15Color_Fade_taskPv
                0x00002ff2       0x2c code/src/audio/pod_task.o
                0x00002ff2                _Z15Color_Fade_taskPv
 .text._Z17Fade_Breathe_TaskPv
                0x0000301e       0x9a code/src/audio/pod_task.o
                0x0000301e                _Z17Fade_Breathe_TaskPv
 .text._Z41__static_initialization_and_destruction_0ii
                0x000030b8       0x32 code/src/core.o
 .text._Z8Shutdownv
                0x000030ea       0x22 code/src/core.o
                0x000030ea                _Z8Shutdownv
 .text._Z8Power_UPv
                0x0000310c       0x2c code/src/core.o
                0x0000310c                _Z8Power_UPv
 .text._Z4corePv
                0x00003138      0x154 code/src/core.o
                0x00003138                _Z4corePv
 .text._GLOBAL__sub_I_napajalnik
                0x0000328c        0xc code/src/core.o
 .text._Z41__static_initialization_and_destruction_0ii
                0x00003298       0x2e code/src/events/events.o
 .text._Z4exitv
                0x000032c6       0x68 code/src/events/events.o
                0x000032c6                _Z4exitv
 .text._Z24external_power_switch_evv
                0x0000332e       0x46 code/src/events/events.o
                0x0000332e                _Z24external_power_switch_evv
 .text._Z24internal_power_switch_evv
                0x00003374       0x44 code/src/events/events.o
                0x00003374                _Z24internal_power_switch_evv
 .text._Z6eventsPv
                0x000033b8      0x278 code/src/events/events.o
                0x000033b8                _Z6eventsPv
 .text._GLOBAL__sub_I_evnt_st
                0x00003630        0xc code/src/events/events.o
 .text._ZN8EEPROM_t4pisiEhj
                0x0000363c       0x32 code/src/Hardware Functions/EEPROM/eeprom.o
                0x0000363c                _ZN8EEPROM_t4pisiEhj
 .text._ZN8EEPROM_t4beriEj
                0x0000366e       0x26 code/src/Hardware Functions/EEPROM/eeprom.o
                0x0000366e                _ZN8EEPROM_t4beriEj
 .text._Z6pwmOFFhc
                0x00003694       0x64 code/src/Hardware Functions/outputs.o
                0x00003694                _Z6pwmOFFhc
 .text._Z11writeOUTPUThcb
                0x000036f8       0xc0 code/src/Hardware Functions/outputs.o
                0x000036f8                _Z11writeOUTPUThcb
 .text._Z10readANALOGh
                0x000037b8       0x24 code/src/Hardware Functions/outputs.o
                0x000037b8                _Z10readANALOGh
 .text._Z8writePWMhch
                0x000037dc       0x68 code/src/Hardware Functions/outputs.o
                0x000037dc                _Z8writePWMhch
 .text._Z41__static_initialization_and_destruction_0ii
                0x00003844       0xe4 code/src/includes/structs.o
 .text._GLOBAL__sub_I_Hardware
                0x00003928        0xc code/src/includes/structs.o
 .text._Z9polnjenjePv
                0x00003934       0xd6 code/src/Power/chrg.o
                0x00003934                _Z9polnjenjePv
 .text._Z6zaslonPv
                0x00003a0a       0xd2 code/src/Power/zaslon.o
                0x00003a0a                _Z6zaslonPv
 .text._Z7thermalPv
                0x00003adc       0x64 code/src/thermal.o
                0x00003adc                _Z7thermalPv
 .text._ZN4VHOD8vrednostEv
                0x00003b40       0x8e code/VHOD/vhod.o
                0x00003b40                _ZN4VHOD8vrednostEv
 .text._ZN4VHOD11fallingEdgeEv
                0x00003bce       0x20 code/VHOD/vhod.o
                0x00003bce                _ZN4VHOD11fallingEdgeEv
 .text.avr-libc.fplib
                0x00003bee        0xa c:/program files (x86)/atmel/studio/7.0/toolchain/avr8/avr8-gnu-toolchain/bin/../lib/gcc/avr/5.4.0/../../../../avr/lib/avr6\libm.a(addsf3.o)
                0x00003bee                __subsf3
                0x00003bf0                __addsf3
 .text.avr-libc.fplib
                0x00003bf8       0xc0 c:/program files (x86)/atmel/studio/7.0/toolchain/avr8/avr8-gnu-toolchain/bin/../lib/gcc/avr/5.4.0/../../../../avr/lib/avr6\libm.a(addsf3x.o)
                0x00003c12                __addsf3x
 .text.avr-libc.fplib
                0x00003cb8        0x4 c:/program files (x86)/atmel/studio/7.0/toolchain/avr8/avr8-gnu-toolchain/bin/../lib/gcc/avr/5.4.0/../../../../avr/lib/avr6\libm.a(divsf3.o)
                0x00003cb8                __divsf3
 .text.avr-libc.fplib
                0x00003cbc       0xcc c:/program files (x86)/atmel/studio/7.0/toolchain/avr8/avr8-gnu-toolchain/bin/../lib/gcc/avr/5.4.0/../../../../avr/lib/avr6\libm.a(divsf3x.o)
                0x00003cd2                __divsf3x
                0x00003cd6                __divsf3_pse
 .text.avr-libc.fplib
                0x00003d88       0x58 c:/program files (x86)/atmel/studio/7.0/toolchain/avr8/avr8-gnu-toolchain/bin/../lib/gcc/avr/5.4.0/../../../../avr/lib/avr6\libm.a(fixunssfsi.o)
                0x00003d88                __fixunssfsi
 .text.avr-libc.fplib
                0x00003de0       0x7a c:/program files (x86)/atmel/studio/7.0/toolchain/avr8/avr8-gnu-toolchain/bin/../lib/gcc/avr/5.4.0/../../../../avr/lib/avr6\libm.a(floatsisf.o)
                0x00003de0                __floatunsisf
                0x00003de4                __floatsisf
 .text.avr-libc.fplib
                0x00003e5a        0xc c:/program files (x86)/atmel/studio/7.0/toolchain/avr8/avr8-gnu-toolchain/bin/../lib/gcc/avr/5.4.0/../../../../avr/lib/avr6\libm.a(fp_inf.o)
                0x00003e5a                __fp_inf
 .text.avr-libc.fplib
                0x00003e66        0x6 c:/program files (x86)/atmel/studio/7.0/toolchain/avr8/avr8-gnu-toolchain/bin/../lib/gcc/avr/5.4.0/../../../../avr/lib/avr6\libm.a(fp_nan.o)
                0x00003e66                __fp_nan
 .text.avr-libc.fplib
                0x00003e6c        0xe c:/program files (x86)/atmel/studio/7.0/toolchain/avr8/avr8-gnu-toolchain/bin/../lib/gcc/avr/5.4.0/../../../../avr/lib/avr6\libm.a(fp_pscA.o)
                0x00003e6c                __fp_pscA
 .text.avr-libc.fplib
                0x00003e7a        0xe c:/program files (x86)/atmel/studio/7.0/toolchain/avr8/avr8-gnu-toolchain/bin/../lib/gcc/avr/5.4.0/../../../../avr/lib/avr6\libm.a(fp_pscB.o)
                0x00003e7a                __fp_pscB
 .text.avr-libc.fplib
                0x00003e88       0x22 c:/program files (x86)/atmel/studio/7.0/toolchain/avr8/avr8-gnu-toolchain/bin/../lib/gcc/avr/5.4.0/../../../../avr/lib/avr6\libm.a(fp_round.o)
                0x00003e88                __fp_round
 .text.avr-libc.fplib
                0x00003eaa       0x44 c:/program files (x86)/atmel/studio/7.0/toolchain/avr8/avr8-gnu-toolchain/bin/../lib/gcc/avr/5.4.0/../../../../avr/lib/avr6\libm.a(fp_split3.o)
                0x00003eaa                __fp_split3
                0x00003eba                __fp_splitA
 .text.avr-libc.fplib
                0x00003eee        0xe c:/program files (x86)/atmel/studio/7.0/toolchain/avr8/avr8-gnu-toolchain/bin/../lib/gcc/avr/5.4.0/../../../../avr/lib/avr6\libm.a(fp_zero.o)
                0x00003eee                __fp_zero
                0x00003ef0                __fp_szero
 .text.avr-libc.fplib
                0x00003efc        0x8 c:/program files (x86)/atmel/studio/7.0/toolchain/avr8/avr8-gnu-toolchain/bin/../lib/gcc/avr/5.4.0/../../../../avr/lib/avr6\libm.a(gesf2.o)
                0x00003efc                __gesf2
                0x00003efc                __gtsf2
 .text.avr-libc.fplib
                0x00003f04        0x4 c:/program files (x86)/atmel/studio/7.0/toolchain/avr8/avr8-gnu-toolchain/bin/../lib/gcc/avr/5.4.0/../../../../avr/lib/avr6\libm.a(mulsf3.o)
                0x00003f04                __mulsf3
 .text.avr-libc.fplib
                0x00003f08       0xc2 c:/program files (x86)/atmel/studio/7.0/toolchain/avr8/avr8-gnu-toolchain/bin/../lib/gcc/avr/5.4.0/../../../../avr/lib/avr6\libm.a(mulsf3x.o)
                0x00003f1c                __mulsf3x
                0x00003f20                __mulsf3_pse
 .text.avr-libc.fplib
                0x00003fca       0x48 c:/program files (x86)/atmel/studio/7.0/toolchain/avr8/avr8-gnu-toolchain/bin/../lib/gcc/avr/5.4.0/../../../../avr/lib/avr6\libm.a(fp_cmp.o)
                0x00003fca                __fp_cmp
 .text.libgcc.div
                0x00004012       0x26 c:/program files (x86)/atmel/studio/7.0/toolchain/avr8/avr8-gnu-toolchain/bin/../lib/gcc/avr/5.4.0/avr6\libgcc.a(_divmodhi4.o)
                0x00004012                _div
                0x00004012                __divmodhi4
 .text.libgcc.div
                0x00004038       0x44 c:/program files (x86)/atmel/studio/7.0/toolchain/avr8/avr8-gnu-toolchain/bin/../lib/gcc/avr/5.4.0/avr6\libgcc.a(_udivmodsi4.o)
                0x00004038                __udivmodsi4
 .text.libgcc   0x0000407c       0x10 c:/program files (x86)/atmel/studio/7.0/toolchain/avr8/avr8-gnu-toolchain/bin/../lib/gcc/avr/5.4.0/avr6\libgcc.a(_tablejump2.o)
                0x0000407c                __tablejump2__
 .text.libgcc.mul
                0x0000408c       0x1e c:/program files (x86)/atmel/studio/7.0/toolchain/avr8/avr8-gnu-toolchain/bin/../lib/gcc/avr/5.4.0/avr6\libgcc.a(_umulhisi3.o)
                0x0000408c                __umulhisi3
 .text.libgcc.div
                0x000040aa       0x28 c:/program files (x86)/atmel/studio/7.0/toolchain/avr8/avr8-gnu-toolchain/bin/../lib/gcc/avr/5.4.0/avr6\libgcc.a(_udivmodhi4.o)
                0x000040aa                __udivmodhi4
 .text.avr-libc
                0x000040d2      0x242 c:/program files (x86)/atmel/studio/7.0/toolchain/avr8/avr8-gnu-toolchain/bin/../lib/gcc/avr/5.4.0/../../../../avr/lib/avr6\libc.a(malloc.o)
                0x000040d2                malloc
                0x00004202                free
 .text.avr-libc
                0x00004314       0x12 c:/program files (x86)/atmel/studio/7.0/toolchain/avr8/avr8-gnu-toolchain/bin/../lib/gcc/avr/5.4.0/../../../../avr/lib/avr6\libc.a(memcpy.o)
                0x00004314                memcpy
 .text.avr-libc
                0x00004326        0xe c:/program files (x86)/atmel/studio/7.0/toolchain/avr8/avr8-gnu-toolchain/bin/../lib/gcc/avr/5.4.0/../../../../avr/lib/avr6\libc.a(memset.o)
                0x00004326                memset
                0x00004334                . = ALIGN (0x2)
 *(.fini9)
 .fini9         0x00004334        0x0 c:/program files (x86)/atmel/studio/7.0/toolchain/avr8/avr8-gnu-toolchain/bin/../lib/gcc/avr/5.4.0/avr6\libgcc.a(_exit.o)
                0x00004334                _exit
                0x00004334                exit
 *(.fini9)
 *(.fini8)
 *(.fini8)
 *(.fini7)
 *(.fini7)
 *(.fini6)
 *(.fini6)
 *(.fini5)
 *(.fini5)
 *(.fini4)
 *(.fini4)
 *(.fini3)
 *(.fini3)
 *(.fini2)
 *(.fini2)
 *(.fini1)
 *(.fini1)
 *(.fini0)
 .fini0         0x00004334        0x4 c:/program files (x86)/atmel/studio/7.0/toolchain/avr8/avr8-gnu-toolchain/bin/../lib/gcc/avr/5.4.0/avr6\libgcc.a(_exit.o)
 *(.fini0)
                0x00004338                _etext = .

.data           0x00800200       0x62 load address 0x00004338
                0x00800200                PROVIDE (__data_start, .)
 *(.data)
 .data          0x00800200        0x6 c:/program files (x86)/atmel/studio/7.0/toolchain/avr8/avr8-gnu-toolchain/bin/../lib/gcc/avr/5.4.0/../../../../avr/lib/avr6\libc.a(malloc.o)
                0x00800200                __malloc_heap_end
                0x00800202                __malloc_heap_start
                0x00800204                __malloc_margin
 *(.data*)
 .data.uxTopUsedPriority
                0x00800206        0x1 code/FreeRTOS-10.4.3-8/src/tasks.o
                0x00800206                uxTopUsedPriority
 *(.gnu.linkonce.d*)
 *(.rodata)
 *(.rodata*)
 .rodata.str1.1
                0x00800207        0x5 code/FreeRTOS-10.4.3-8/src/tasks.o
 .rodata.str1.1
                0x0080020c        0x8 code/FreeRTOS-10.4.3-8/src/timers.o
 .rodata.str1.1
                0x00800214       0x25 code/main.o
                                 0x2a (size before relaxing)
 .rodata.str1.1
                0x00800239       0x25 code/src/audio/audiovs.o
 .rodata.str1.1
                0x0080025e        0x4 code/src/audio/pod_funk.o
 .rodata.str1.1
                0x00800262        0x4 code/src/events/events.o
                                  0x5 (size before relaxing)
 *(.gnu.linkonce.r*)
                0x00800266                . = ALIGN (0x2)
                0x00800266                _edata = .
                0x00800266                PROVIDE (__data_end, .)

.bss            0x00800262     0x1156
                0x00800262                PROVIDE (__bss_start, .)
 *(.bss)
 *(.bss*)
 .bss.xBlockAllocatedBit
                0x00800262        0x2 code/FreeRTOS-10.4.3-8/src/heap_4.o
 .bss.xNumberOfSuccessfulFrees
                0x00800264        0x2 code/FreeRTOS-10.4.3-8/src/heap_4.o
 .bss.xNumberOfSuccessfulAllocations
                0x00800266        0x2 code/FreeRTOS-10.4.3-8/src/heap_4.o
 .bss.xMinimumEverFreeBytesRemaining
                0x00800268        0x2 code/FreeRTOS-10.4.3-8/src/heap_4.o
 .bss.xFreeBytesRemaining
                0x0080026a        0x2 code/FreeRTOS-10.4.3-8/src/heap_4.o
 .bss.pxEnd     0x0080026c        0x2 code/FreeRTOS-10.4.3-8/src/heap_4.o
 .bss.xStart    0x0080026e        0x4 code/FreeRTOS-10.4.3-8/src/heap_4.o
 .bss.ucHeap    0x00800272     0x1000 code/FreeRTOS-10.4.3-8/src/heap_4.o
 .bss.uxSchedulerSuspended
                0x00801272        0x1 code/FreeRTOS-10.4.3-8/src/tasks.o
 .bss.xIdleTaskHandle
                0x00801273        0x2 code/FreeRTOS-10.4.3-8/src/tasks.o
 .bss.xNextTaskUnblockTime
                0x00801275        0x2 code/FreeRTOS-10.4.3-8/src/tasks.o
 .bss.uxTaskNumber
                0x00801277        0x1 code/FreeRTOS-10.4.3-8/src/tasks.o
 .bss.xNumOfOverflows
                0x00801278        0x1 code/FreeRTOS-10.4.3-8/src/tasks.o
 .bss.xYieldPending
                0x00801279        0x1 code/FreeRTOS-10.4.3-8/src/tasks.o
 .bss.xPendedTicks
                0x0080127a        0x2 code/FreeRTOS-10.4.3-8/src/tasks.o
 .bss.xSchedulerRunning
                0x0080127c        0x1 code/FreeRTOS-10.4.3-8/src/tasks.o
 .bss.uxTopReadyPriority
                0x0080127d        0x1 code/FreeRTOS-10.4.3-8/src/tasks.o
 .bss.xTickCount
                0x0080127e        0x2 code/FreeRTOS-10.4.3-8/src/tasks.o
 .bss.uxCurrentNumberOfTasks
                0x00801280        0x1 code/FreeRTOS-10.4.3-8/src/tasks.o
 .bss.xSuspendedTaskList
                0x00801281        0x9 code/FreeRTOS-10.4.3-8/src/tasks.o
 .bss.uxDeletedTasksWaitingCleanUp
                0x0080128a        0x1 code/FreeRTOS-10.4.3-8/src/tasks.o
 .bss.xTasksWaitingTermination
                0x0080128b        0x9 code/FreeRTOS-10.4.3-8/src/tasks.o
 .bss.xPendingReadyList
                0x00801294        0x9 code/FreeRTOS-10.4.3-8/src/tasks.o
 .bss.pxOverflowDelayedTaskList
                0x0080129d        0x2 code/FreeRTOS-10.4.3-8/src/tasks.o
 .bss.pxDelayedTaskList
                0x0080129f        0x2 code/FreeRTOS-10.4.3-8/src/tasks.o
 .bss.xDelayedTaskList2
                0x008012a1        0x9 code/FreeRTOS-10.4.3-8/src/tasks.o
 .bss.xDelayedTaskList1
                0x008012aa        0x9 code/FreeRTOS-10.4.3-8/src/tasks.o
 .bss.pxReadyTasksLists
                0x008012b3       0x24 code/FreeRTOS-10.4.3-8/src/tasks.o
 .bss.pxCurrentTCB
                0x008012d7        0x2 code/FreeRTOS-10.4.3-8/src/tasks.o
                0x008012d7                pxCurrentTCB
 .bss.xLastTime.2436
                0x008012d9        0x2 code/FreeRTOS-10.4.3-8/src/timers.o
 .bss.xTimerTaskHandle
                0x008012db        0x2 code/FreeRTOS-10.4.3-8/src/timers.o
 .bss.xTimerQueue
                0x008012dd        0x2 code/FreeRTOS-10.4.3-8/src/timers.o
 .bss.pxOverflowTimerList
                0x008012df        0x2 code/FreeRTOS-10.4.3-8/src/timers.o
 .bss.pxCurrentTimerList
                0x008012e1        0x2 code/FreeRTOS-10.4.3-8/src/timers.o
 .bss.xActiveTimerList2
                0x008012e3        0x9 code/FreeRTOS-10.4.3-8/src/timers.o
 .bss.xActiveTimerList1
                0x008012ec        0x9 code/FreeRTOS-10.4.3-8/src/timers.o
 .bss.voltage_SEM
                0x008012f5        0x2 code/main.o
                0x008012f5                voltage_SEM
 .bss.thermal_control
                0x008012f7        0x2 code/main.o
                0x008012f7                thermal_control
 .bss.chrg_control
                0x008012f9        0x2 code/main.o
                0x008012f9                chrg_control
 .bss.zaslon_control
                0x008012fb        0x2 code/main.o
                0x008012fb                zaslon_control
 .bss.audio_system_control
                0x008012fd        0x2 code/main.o
                0x008012fd                audio_system_control
 .bss.event_control
                0x008012ff        0x2 code/main.o
                0x008012ff                event_control
 .bss.core_control
                0x00801301        0x2 code/main.o
                0x00801301                core_control
 .bss._ZZ12audio_visualPvE12barva_selekt
                0x00801303        0x1 code/src/audio/audiovs.o
 .bss.Breathe_control
                0x00801304        0x2 code/src/audio/audiovs.o
                0x00801304                Breathe_control
 .bss.color_fade_control
                0x00801306        0x2 code/src/audio/audiovs.o
                0x00801306                color_fade_control
 .bss.fade_control
                0x00801308        0x2 code/src/audio/audiovs.o
                0x00801308                fade_control
 .bss._ZZ15AVG_Volume_MerivE8st_branj
                0x0080130a        0x2 code/src/audio/meritve.o
 .bss._ZZ15AVG_Volume_MerivE11vsota_branj
                0x0080130c        0x4 code/src/audio/meritve.o
 .bss._ZZ15AVG_Volume_MerivE13max_izmerjeno
                0x00801310        0x2 code/src/audio/meritve.o
 .bss.stikalo   0x00801312        0x9 code/src/core.o
                0x00801312                stikalo
 .bss.napajalnik
                0x0080131b        0x9 code/src/core.o
                0x0080131b                napajalnik
 .bss.eventSW   0x00801324        0x9 code/src/events/events.o
                0x00801324                eventSW
 .bss.evnt_st   0x0080132d        0xf code/src/events/events.o
                0x0080132d                evnt_st
 .bss.EEPROM    0x0080133c        0x1 code/src/includes/structs.o
                0x0080133c                EEPROM
 .bss.mozne_barve
                0x0080133d       0x28 code/src/includes/structs.o
                0x0080133d                mozne_barve
 .bss.AUSYS_vars
                0x00801365        0xa code/src/includes/structs.o
                0x00801365                AUSYS_vars
 .bss.Timers    0x0080136f       0x2d code/src/includes/structs.o
                0x0080136f                Timers
 .bss.Hardware  0x0080139c       0x18 code/src/includes/structs.o
                0x0080139c                Hardware
 *(COMMON)
 COMMON         0x008013b4        0x4 c:/program files (x86)/atmel/studio/7.0/toolchain/avr8/avr8-gnu-toolchain/bin/../lib/gcc/avr/5.4.0/../../../../avr/lib/avr6\libc.a(malloc.o)
                0x008013b4                __brkval
                0x008013b6                __flp
                0x008013b8                PROVIDE (__bss_end, .)
                0x00004338                __data_load_start = LOADADDR (.data)
                0x0000439a                __data_load_end = (__data_load_start + SIZEOF (.data))

.noinit         0x008013b8        0x0
                [!provide]                PROVIDE (__noinit_start, .)
 *(.noinit*)
                [!provide]                PROVIDE (__noinit_end, .)
                0x008013b8                _end = .
                0x008013b8                PROVIDE (__heap_start, .)

.eeprom         0x00810000        0x0
 *(.eeprom*)
                0x00810000                __eeprom_end = .

.fuse
 *(.fuse)
 *(.lfuse)
 *(.hfuse)
 *(.efuse)

.lock
 *(.lock*)

.signature
 *(.signature*)

.user_signatures
 *(.user_signatures*)

.stab
 *(.stab)

.stabstr
 *(.stabstr)

.stab.excl
 *(.stab.excl)

.stab.exclstr
 *(.stab.exclstr)

.stab.index
 *(.stab.index)

.stab.indexstr
 *(.stab.indexstr)

.comment        0x00000000       0x30
 *(.comment)
 .comment       0x00000000       0x30 code/castimer/castimer.o
                                 0x31 (size before relaxing)
 .comment       0x00000030       0x31 code/FreeRTOS-10.4.3-8/src/heap_4.o
 .comment       0x00000030       0x31 code/FreeRTOS-10.4.3-8/src/list.o
 .comment       0x00000030       0x31 code/FreeRTOS-10.4.3-8/src/port.o
 .comment       0x00000030       0x31 code/FreeRTOS-10.4.3-8/src/queue.o
 .comment       0x00000030       0x31 code/FreeRTOS-10.4.3-8/src/tasks.o
 .comment       0x00000030       0x31 code/FreeRTOS-10.4.3-8/src/timers.o
 .comment       0x00000030       0x31 code/FreeRTOS-10.4.3-8/src/variantHooks.o
 .comment       0x00000030       0x31 code/main.o
 .comment       0x00000030       0x31 code/src/audio/audiovs.o
 .comment       0x00000030       0x31 code/src/audio/meritve.o
 .comment       0x00000030       0x31 code/src/audio/pod_funk.o
 .comment       0x00000030       0x31 code/src/audio/pod_task.o
 .comment       0x00000030       0x31 code/src/core.o
 .comment       0x00000030       0x31 code/src/events/events.o
 .comment       0x00000030       0x31 code/src/Hardware Functions/EEPROM/eeprom.o
 .comment       0x00000030       0x31 code/src/Hardware Functions/outputs.o
 .comment       0x00000030       0x31 code/src/includes/structs.o
 .comment       0x00000030       0x31 code/src/Power/chrg.o
 .comment       0x00000030       0x31 code/src/Power/zaslon.o
 .comment       0x00000030       0x31 code/src/thermal.o
 .comment       0x00000030       0x31 code/VHOD/vhod.o
 .comment       0x00000030       0x31 c:/program files (x86)/atmel/studio/7.0/toolchain/avr8/avr8-gnu-toolchain/bin/../lib/gcc/avr/5.4.0/../../../../avr/lib/avr6\libc.a(malloc.o)

.note.gnu.avr.deviceinfo
                0x00000000       0x40
 .note.gnu.avr.deviceinfo
                0x00000000       0x40 C:/Program Files (x86)/Atmel/Studio/7.0/Packs/atmel/ATmega_DFP/1.6.364/gcc/dev/atmega2560/avr6/crtatmega2560.o

.note.gnu.build-id
 *(.note.gnu.build-id)

.debug
 *(.debug)

.line
 *(.line)

.debug_srcinfo
 *(.debug_srcinfo)

.debug_sfnames
 *(.debug_sfnames)

.debug_aranges  0x00000000      0x788
 *(.debug_aranges)
 .debug_aranges
                0x00000000       0x28 code/castimer/castimer.o
 .debug_aranges
                0x00000028       0x58 code/FreeRTOS-10.4.3-8/src/heap_4.o
 .debug_aranges
                0x00000080       0x40 code/FreeRTOS-10.4.3-8/src/list.o
 .debug_aranges
                0x000000c0       0x58 code/FreeRTOS-10.4.3-8/src/port.o
 .debug_aranges
                0x00000118      0x100 code/FreeRTOS-10.4.3-8/src/queue.o
 .debug_aranges
                0x00000218      0x1d8 code/FreeRTOS-10.4.3-8/src/tasks.o
 .debug_aranges
                0x000003f0       0xc8 code/FreeRTOS-10.4.3-8/src/timers.o
 .debug_aranges
                0x000004b8       0x40 code/FreeRTOS-10.4.3-8/src/variantHooks.o
 .debug_aranges
                0x000004f8       0x30 code/main.o
 .debug_aranges
                0x00000528       0x20 code/src/audio/audiovs.o
 .debug_aranges
                0x00000548       0x20 code/src/audio/meritve.o
 .debug_aranges
                0x00000568       0x50 code/src/audio/pod_funk.o
 .debug_aranges
                0x000005b8       0x30 code/src/audio/pod_task.o
 .debug_aranges
                0x000005e8       0x40 code/src/core.o
 .debug_aranges
                0x00000628       0x48 code/src/events/events.o
 .debug_aranges
                0x00000670       0x28 code/src/Hardware Functions/EEPROM/eeprom.o
 .debug_aranges
                0x00000698       0x38 code/src/Hardware Functions/outputs.o
 .debug_aranges
                0x000006d0       0x28 code/src/includes/structs.o
 .debug_aranges
                0x000006f8       0x20 code/src/Power/chrg.o
 .debug_aranges
                0x00000718       0x20 code/src/Power/zaslon.o
 .debug_aranges
                0x00000738       0x20 code/src/thermal.o
 .debug_aranges
                0x00000758       0x30 code/VHOD/vhod.o

.debug_pubnames
 *(.debug_pubnames)

.debug_info     0x00000000     0xa9d3
 *(.debug_info .gnu.linkonce.wi.*)
 .debug_info    0x00000000      0xbbc C:/Program Files (x86)/Atmel/Studio/7.0/Packs/atmel/ATmega_DFP/1.6.364/gcc/dev/atmega2560/avr6/crtatmega2560.o
 .debug_info    0x00000bbc      0x207 code/castimer/castimer.o
 .debug_info    0x00000dc3      0x4e6 code/FreeRTOS-10.4.3-8/src/heap_4.o
 .debug_info    0x000012a9      0x2ea code/FreeRTOS-10.4.3-8/src/list.o
 .debug_info    0x00001593      0x2f4 code/FreeRTOS-10.4.3-8/src/port.o
 .debug_info    0x00001887     0x1840 code/FreeRTOS-10.4.3-8/src/queue.o
 .debug_info    0x000030c7     0x229b code/FreeRTOS-10.4.3-8/src/tasks.o
 .debug_info    0x00005362     0x1040 code/FreeRTOS-10.4.3-8/src/timers.o
 .debug_info    0x000063a2      0x25e code/FreeRTOS-10.4.3-8/src/variantHooks.o
 .debug_info    0x00006600      0x5a5 code/main.o
 .debug_info    0x00006ba5      0x5ad code/src/audio/audiovs.o
 .debug_info    0x00007152      0x24d code/src/audio/meritve.o
 .debug_info    0x0000739f      0x7ca code/src/audio/pod_funk.o
 .debug_info    0x00007b69      0x35c code/src/audio/pod_task.o
 .debug_info    0x00007ec5      0x842 code/src/core.o
 .debug_info    0x00008707      0xce0 code/src/events/events.o
 .debug_info    0x000093e7      0x19e code/src/Hardware Functions/EEPROM/eeprom.o
 .debug_info    0x00009585      0x1c9 code/src/Hardware Functions/outputs.o
 .debug_info    0x0000974e      0x5c1 code/src/includes/structs.o
 .debug_info    0x00009d0f      0x3d4 code/src/Power/chrg.o
 .debug_info    0x0000a0e3      0x4bb code/src/Power/zaslon.o
 .debug_info    0x0000a59e      0x216 code/src/thermal.o
 .debug_info    0x0000a7b4      0x21f code/VHOD/vhod.o

.debug_abbrev   0x00000000     0x3013
 *(.debug_abbrev)
 .debug_abbrev  0x00000000      0xb1a C:/Program Files (x86)/Atmel/Studio/7.0/Packs/atmel/ATmega_DFP/1.6.364/gcc/dev/atmega2560/avr6/crtatmega2560.o
 .debug_abbrev  0x00000b1a      0x126 code/castimer/castimer.o
 .debug_abbrev  0x00000c40      0x200 code/FreeRTOS-10.4.3-8/src/heap_4.o
 .debug_abbrev  0x00000e40       0xff code/FreeRTOS-10.4.3-8/src/list.o
 .debug_abbrev  0x00000f3f      0x179 code/FreeRTOS-10.4.3-8/src/port.o
 .debug_abbrev  0x000010b8      0x241 code/FreeRTOS-10.4.3-8/src/queue.o
 .debug_abbrev  0x000012f9      0x2b7 code/FreeRTOS-10.4.3-8/src/tasks.o
 .debug_abbrev  0x000015b0      0x28c code/FreeRTOS-10.4.3-8/src/timers.o
 .debug_abbrev  0x0000183c      0x12f code/FreeRTOS-10.4.3-8/src/variantHooks.o
 .debug_abbrev  0x0000196b      0x18b code/main.o
 .debug_abbrev  0x00001af6      0x1da code/src/audio/audiovs.o
 .debug_abbrev  0x00001cd0      0x154 code/src/audio/meritve.o
 .debug_abbrev  0x00001e24      0x252 code/src/audio/pod_funk.o
 .debug_abbrev  0x00002076      0x135 code/src/audio/pod_task.o
 .debug_abbrev  0x000021ab      0x290 code/src/core.o
 .debug_abbrev  0x0000243b      0x2e1 code/src/events/events.o
 .debug_abbrev  0x0000271c       0xf1 code/src/Hardware Functions/EEPROM/eeprom.o
 .debug_abbrev  0x0000280d       0xe2 code/src/Hardware Functions/outputs.o
 .debug_abbrev  0x000028ef      0x1d9 code/src/includes/structs.o
 .debug_abbrev  0x00002ac8      0x187 code/src/Power/chrg.o
 .debug_abbrev  0x00002c4f      0x19c code/src/Power/zaslon.o
 .debug_abbrev  0x00002deb      0x115 code/src/thermal.o
 .debug_abbrev  0x00002f00      0x113 code/VHOD/vhod.o

.debug_line     0x00000000     0x5837
 *(.debug_line .debug_line.* .debug_line_end)
 .debug_line    0x00000000      0x1fa C:/Program Files (x86)/Atmel/Studio/7.0/Packs/atmel/ATmega_DFP/1.6.364/gcc/dev/atmega2560/avr6/crtatmega2560.o
 .debug_line    0x000001fa      0x116 code/castimer/castimer.o
 .debug_line    0x00000310      0x42d code/FreeRTOS-10.4.3-8/src/heap_4.o
 .debug_line    0x0000073d      0x1e9 code/FreeRTOS-10.4.3-8/src/list.o
 .debug_line    0x00000926      0x298 code/FreeRTOS-10.4.3-8/src/port.o
 .debug_line    0x00000bbe      0xc14 code/FreeRTOS-10.4.3-8/src/queue.o
 .debug_line    0x000017d2     0x1674 code/FreeRTOS-10.4.3-8/src/tasks.o
 .debug_line    0x00002e46      0x626 code/FreeRTOS-10.4.3-8/src/timers.o
 .debug_line    0x0000346c      0x248 code/FreeRTOS-10.4.3-8/src/variantHooks.o
 .debug_line    0x000036b4      0x24a code/main.o
 .debug_line    0x000038fe      0x2a3 code/src/audio/audiovs.o
 .debug_line    0x00003ba1      0x156 code/src/audio/meritve.o
 .debug_line    0x00003cf7      0x589 code/src/audio/pod_funk.o
 .debug_line    0x00004280      0x1b7 code/src/audio/pod_task.o
 .debug_line    0x00004437      0x34d code/src/core.o
 .debug_line    0x00004784      0x52e code/src/events/events.o
 .debug_line    0x00004cb2      0x15e code/src/Hardware Functions/EEPROM/eeprom.o
 .debug_line    0x00004e10      0x244 code/src/Hardware Functions/outputs.o
 .debug_line    0x00005054      0x1bc code/src/includes/structs.o
 .debug_line    0x00005210      0x205 code/src/Power/chrg.o
 .debug_line    0x00005415      0x1ea code/src/Power/zaslon.o
 .debug_line    0x000055ff      0x125 code/src/thermal.o
 .debug_line    0x00005724      0x113 code/VHOD/vhod.o

.debug_frame    0x00000000     0x149c
 *(.debug_frame)
 .debug_frame   0x00000000       0x40 code/castimer/castimer.o
 .debug_frame   0x00000040       0xfc code/FreeRTOS-10.4.3-8/src/heap_4.o
 .debug_frame   0x0000013c       0x88 code/FreeRTOS-10.4.3-8/src/list.o
 .debug_frame   0x000001c4       0x94 code/FreeRTOS-10.4.3-8/src/port.o
 .debug_frame   0x00000258      0x3ac code/FreeRTOS-10.4.3-8/src/queue.o
 .debug_frame   0x00000604      0x6dc code/FreeRTOS-10.4.3-8/src/tasks.o
 .debug_frame   0x00000ce0      0x2d4 code/FreeRTOS-10.4.3-8/src/timers.o
 .debug_frame   0x00000fb4       0x64 code/FreeRTOS-10.4.3-8/src/variantHooks.o
 .debug_frame   0x00001018       0x7c code/main.o
 .debug_frame   0x00001094       0x24 code/src/audio/audiovs.o
 .debug_frame   0x000010b8       0x24 code/src/audio/meritve.o
 .debug_frame   0x000010dc       0xdc code/src/audio/pod_funk.o
 .debug_frame   0x000011b8       0x5c code/src/audio/pod_task.o
 .debug_frame   0x00001214       0x64 code/src/core.o
 .debug_frame   0x00001278       0x74 code/src/events/events.o
 .debug_frame   0x000012ec       0x50 code/src/Hardware Functions/EEPROM/eeprom.o
 .debug_frame   0x0000133c       0x64 code/src/Hardware Functions/outputs.o
 .debug_frame   0x000013a0       0x34 code/src/includes/structs.o
 .debug_frame   0x000013d4       0x24 code/src/Power/chrg.o
 .debug_frame   0x000013f8       0x24 code/src/Power/zaslon.o
 .debug_frame   0x0000141c       0x24 code/src/thermal.o
 .debug_frame   0x00001440       0x5c code/VHOD/vhod.o

.debug_str      0x00000000     0x2d97
 *(.debug_str)
 .debug_str     0x00000000      0x3e6 C:/Program Files (x86)/Atmel/Studio/7.0/Packs/atmel/ATmega_DFP/1.6.364/gcc/dev/atmega2560/avr6/crtatmega2560.o
 .debug_str     0x000003e6      0x220 code/castimer/castimer.o
                                0x26b (size before relaxing)
 .debug_str     0x00000606      0x3e1 code/FreeRTOS-10.4.3-8/src/heap_4.o
                                0x477 (size before relaxing)
 .debug_str     0x000009e7      0x143 code/FreeRTOS-10.4.3-8/src/list.o
                                0x2b3 (size before relaxing)
 .debug_str     0x00000b2a      0x173 code/FreeRTOS-10.4.3-8/src/port.o
                                0x2df (size before relaxing)
 .debug_str     0x00000c9d      0x6c0 code/FreeRTOS-10.4.3-8/src/queue.o
                                0x967 (size before relaxing)
 .debug_str     0x0000135d      0xa72 code/FreeRTOS-10.4.3-8/src/tasks.o
                                0xfbc (size before relaxing)
 .debug_str     0x00001dcf      0x422 code/FreeRTOS-10.4.3-8/src/timers.o
                                0x81e (size before relaxing)
 .debug_str     0x000021f1       0xe9 code/FreeRTOS-10.4.3-8/src/variantHooks.o
                                0x2d8 (size before relaxing)
 .debug_str     0x000022da      0x1b0 code/main.o
                                0x44c (size before relaxing)
 .debug_str     0x0000248a      0x1f6 code/src/audio/audiovs.o
                                0x51b (size before relaxing)
 .debug_str     0x00002680       0x4d code/src/audio/meritve.o
                                0x328 (size before relaxing)
 .debug_str     0x000026cd      0x174 code/src/audio/pod_funk.o
                                0x588 (size before relaxing)
 .debug_str     0x00002841       0x88 code/src/audio/pod_task.o
                                0x38c (size before relaxing)
 .debug_str     0x000028c9      0x174 code/src/core.o
                                0x632 (size before relaxing)
 .debug_str     0x00002a3d      0x1a3 code/src/events/events.o
                                0x862 (size before relaxing)
 .debug_str     0x00002be0       0x40 code/src/Hardware Functions/EEPROM/eeprom.o
                                0x1fc (size before relaxing)
 .debug_str     0x00002c20       0x3e code/src/Hardware Functions/outputs.o
                                0x224 (size before relaxing)
 .debug_str     0x00002c5e       0x74 code/src/includes/structs.o
                                0x50c (size before relaxing)
 .debug_str     0x00002cd2       0x34 code/src/Power/chrg.o
                                0x3ae (size before relaxing)
 .debug_str     0x00002d06       0x3b code/src/Power/zaslon.o
                                0x495 (size before relaxing)
 .debug_str     0x00002d41       0x40 code/src/thermal.o
                                0x2e1 (size before relaxing)
 .debug_str     0x00002d81       0x16 code/VHOD/vhod.o
                                0x230 (size before relaxing)

.debug_loc      0x00000000     0x6a4e
 *(.debug_loc)
 .debug_loc     0x00000000       0x57 code/castimer/castimer.o
 .debug_loc     0x00000057      0x4be code/FreeRTOS-10.4.3-8/src/heap_4.o
 .debug_loc     0x00000515      0x145 code/FreeRTOS-10.4.3-8/src/list.o
 .debug_loc     0x0000065a       0xf6 code/FreeRTOS-10.4.3-8/src/port.o
 .debug_loc     0x00000750     0x1c27 code/FreeRTOS-10.4.3-8/src/queue.o
 .debug_loc     0x00002377     0x2b23 code/FreeRTOS-10.4.3-8/src/tasks.o
 .debug_loc     0x00004e9a      0xf2a code/FreeRTOS-10.4.3-8/src/timers.o
 .debug_loc     0x00005dc4       0xda code/FreeRTOS-10.4.3-8/src/variantHooks.o
 .debug_loc     0x00005e9e       0xb9 code/main.o
 .debug_loc     0x00005f57       0x8c code/src/audio/audiovs.o
 .debug_loc     0x00005fe3       0x30 code/src/audio/meritve.o
 .debug_loc     0x00006013      0x215 code/src/audio/pod_funk.o
 .debug_loc     0x00006228       0xf0 code/src/audio/pod_task.o
 .debug_loc     0x00006318       0xa0 code/src/core.o
 .debug_loc     0x000063b8      0x2a3 code/src/events/events.o
 .debug_loc     0x0000665b      0x14f code/src/Hardware Functions/EEPROM/eeprom.o
 .debug_loc     0x000067aa      0x16e code/src/Hardware Functions/outputs.o
 .debug_loc     0x00006918       0x26 code/src/includes/structs.o
 .debug_loc     0x0000693e       0x1e code/src/thermal.o
 .debug_loc     0x0000695c       0xf2 code/VHOD/vhod.o

.debug_macinfo
 *(.debug_macinfo)

.debug_weaknames
 *(.debug_weaknames)

.debug_funcnames
 *(.debug_funcnames)

.debug_typenames
 *(.debug_typenames)

.debug_varnames
 *(.debug_varnames)

.debug_pubtypes
 *(.debug_pubtypes)

.debug_ranges   0x00000000      0x6d0
 *(.debug_ranges)
 .debug_ranges  0x00000000       0x18 code/castimer/castimer.o
 .debug_ranges  0x00000018       0x48 code/FreeRTOS-10.4.3-8/src/heap_4.o
 .debug_ranges  0x00000060       0x30 code/FreeRTOS-10.4.3-8/src/list.o
 .debug_ranges  0x00000090       0x48 code/FreeRTOS-10.4.3-8/src/port.o
 .debug_ranges  0x000000d8      0x138 code/FreeRTOS-10.4.3-8/src/queue.o
 .debug_ranges  0x00000210      0x228 code/FreeRTOS-10.4.3-8/src/tasks.o
 .debug_ranges  0x00000438       0xb8 code/FreeRTOS-10.4.3-8/src/timers.o
 .debug_ranges  0x000004f0       0x30 code/FreeRTOS-10.4.3-8/src/variantHooks.o
 .debug_ranges  0x00000520       0x20 code/main.o
 .debug_ranges  0x00000540       0x10 code/src/audio/audiovs.o
 .debug_ranges  0x00000550       0x10 code/src/audio/meritve.o
 .debug_ranges  0x00000560       0x40 code/src/audio/pod_funk.o
 .debug_ranges  0x000005a0       0x20 code/src/audio/pod_task.o
 .debug_ranges  0x000005c0       0x30 code/src/core.o
 .debug_ranges  0x000005f0       0x38 code/src/events/events.o
 .debug_ranges  0x00000628       0x18 code/src/Hardware Functions/EEPROM/eeprom.o
 .debug_ranges  0x00000640       0x28 code/src/Hardware Functions/outputs.o
 .debug_ranges  0x00000668       0x18 code/src/includes/structs.o
 .debug_ranges  0x00000680       0x10 code/src/Power/chrg.o
 .debug_ranges  0x00000690       0x10 code/src/Power/zaslon.o
 .debug_ranges  0x000006a0       0x10 code/src/thermal.o
 .debug_ranges  0x000006b0       0x20 code/VHOD/vhod.o

.debug_macro
 *(.debug_macro)
OUTPUT(ZZ.elf elf32-avr)
LOAD linker stubs
