Archive member included to satisfy reference by file (symbol)

c:/program files (x86)/atmel/studio/7.0/toolchain/avr8/avr8-gnu-toolchain/bin/../lib/gcc/avr/5.4.0/../../../../avr/lib/avr6\libm.a(addsf3.o)
                              src/thermal.o (__addsf3)
c:/program files (x86)/atmel/studio/7.0/toolchain/avr8/avr8-gnu-toolchain/bin/../lib/gcc/avr/5.4.0/../../../../avr/lib/avr6\libm.a(addsf3x.o)
                              c:/program files (x86)/atmel/studio/7.0/toolchain/avr8/avr8-gnu-toolchain/bin/../lib/gcc/avr/5.4.0/../../../../avr/lib/avr6\libm.a(addsf3.o) (__addsf3x)
c:/program files (x86)/atmel/studio/7.0/toolchain/avr8/avr8-gnu-toolchain/bin/../lib/gcc/avr/5.4.0/../../../../avr/lib/avr6\libm.a(divsf3.o)
                              src/audio/pod_funk.o (__divsf3)
c:/program files (x86)/atmel/studio/7.0/toolchain/avr8/avr8-gnu-toolchain/bin/../lib/gcc/avr/5.4.0/../../../../avr/lib/avr6\libm.a(divsf3x.o)
                              c:/program files (x86)/atmel/studio/7.0/toolchain/avr8/avr8-gnu-toolchain/bin/../lib/gcc/avr/5.4.0/../../../../avr/lib/avr6\libm.a(divsf3.o) (__divsf3x)
c:/program files (x86)/atmel/studio/7.0/toolchain/avr8/avr8-gnu-toolchain/bin/../lib/gcc/avr/5.4.0/../../../../avr/lib/avr6\libm.a(fixunssfsi.o)
                              src/audio/pod_funk.o (__fixunssfsi)
c:/program files (x86)/atmel/studio/7.0/toolchain/avr8/avr8-gnu-toolchain/bin/../lib/gcc/avr/5.4.0/../../../../avr/lib/avr6\libm.a(floatsisf.o)
                              src/core.o (__floatunsisf)
c:/program files (x86)/atmel/studio/7.0/toolchain/avr8/avr8-gnu-toolchain/bin/../lib/gcc/avr/5.4.0/../../../../avr/lib/avr6\libm.a(fp_inf.o)
                              c:/program files (x86)/atmel/studio/7.0/toolchain/avr8/avr8-gnu-toolchain/bin/../lib/gcc/avr/5.4.0/../../../../avr/lib/avr6\libm.a(addsf3x.o) (__fp_inf)
c:/program files (x86)/atmel/studio/7.0/toolchain/avr8/avr8-gnu-toolchain/bin/../lib/gcc/avr/5.4.0/../../../../avr/lib/avr6\libm.a(fp_nan.o)
                              c:/program files (x86)/atmel/studio/7.0/toolchain/avr8/avr8-gnu-toolchain/bin/../lib/gcc/avr/5.4.0/../../../../avr/lib/avr6\libm.a(addsf3x.o) (__fp_nan)
c:/program files (x86)/atmel/studio/7.0/toolchain/avr8/avr8-gnu-toolchain/bin/../lib/gcc/avr/5.4.0/../../../../avr/lib/avr6\libm.a(fp_pscA.o)
                              c:/program files (x86)/atmel/studio/7.0/toolchain/avr8/avr8-gnu-toolchain/bin/../lib/gcc/avr/5.4.0/../../../../avr/lib/avr6\libm.a(addsf3x.o) (__fp_pscA)
c:/program files (x86)/atmel/studio/7.0/toolchain/avr8/avr8-gnu-toolchain/bin/../lib/gcc/avr/5.4.0/../../../../avr/lib/avr6\libm.a(fp_pscB.o)
                              c:/program files (x86)/atmel/studio/7.0/toolchain/avr8/avr8-gnu-toolchain/bin/../lib/gcc/avr/5.4.0/../../../../avr/lib/avr6\libm.a(addsf3x.o) (__fp_pscB)
c:/program files (x86)/atmel/studio/7.0/toolchain/avr8/avr8-gnu-toolchain/bin/../lib/gcc/avr/5.4.0/../../../../avr/lib/avr6\libm.a(fp_round.o)
                              c:/program files (x86)/atmel/studio/7.0/toolchain/avr8/avr8-gnu-toolchain/bin/../lib/gcc/avr/5.4.0/../../../../avr/lib/avr6\libm.a(addsf3.o) (__fp_round)
c:/program files (x86)/atmel/studio/7.0/toolchain/avr8/avr8-gnu-toolchain/bin/../lib/gcc/avr/5.4.0/../../../../avr/lib/avr6\libm.a(fp_split3.o)
                              c:/program files (x86)/atmel/studio/7.0/toolchain/avr8/avr8-gnu-toolchain/bin/../lib/gcc/avr/5.4.0/../../../../avr/lib/avr6\libm.a(addsf3x.o) (__fp_split3)
c:/program files (x86)/atmel/studio/7.0/toolchain/avr8/avr8-gnu-toolchain/bin/../lib/gcc/avr/5.4.0/../../../../avr/lib/avr6\libm.a(fp_zero.o)
                              c:/program files (x86)/atmel/studio/7.0/toolchain/avr8/avr8-gnu-toolchain/bin/../lib/gcc/avr/5.4.0/../../../../avr/lib/avr6\libm.a(addsf3x.o) (__fp_zero)
c:/program files (x86)/atmel/studio/7.0/toolchain/avr8/avr8-gnu-toolchain/bin/../lib/gcc/avr/5.4.0/../../../../avr/lib/avr6\libm.a(gesf2.o)
                              src/thermal.o (__gtsf2)
c:/program files (x86)/atmel/studio/7.0/toolchain/avr8/avr8-gnu-toolchain/bin/../lib/gcc/avr/5.4.0/../../../../avr/lib/avr6\libm.a(mulsf3.o)
                              src/audio/pod_funk.o (__mulsf3)
c:/program files (x86)/atmel/studio/7.0/toolchain/avr8/avr8-gnu-toolchain/bin/../lib/gcc/avr/5.4.0/../../../../avr/lib/avr6\libm.a(mulsf3x.o)
                              c:/program files (x86)/atmel/studio/7.0/toolchain/avr8/avr8-gnu-toolchain/bin/../lib/gcc/avr/5.4.0/../../../../avr/lib/avr6\libm.a(mulsf3.o) (__mulsf3x)
c:/program files (x86)/atmel/studio/7.0/toolchain/avr8/avr8-gnu-toolchain/bin/../lib/gcc/avr/5.4.0/../../../../avr/lib/avr6\libm.a(fp_cmp.o)
                              c:/program files (x86)/atmel/studio/7.0/toolchain/avr8/avr8-gnu-toolchain/bin/../lib/gcc/avr/5.4.0/../../../../avr/lib/avr6\libm.a(gesf2.o) (__fp_cmp)
c:/program files (x86)/atmel/studio/7.0/toolchain/avr8/avr8-gnu-toolchain/bin/../lib/gcc/avr/5.4.0/avr6\libgcc.a(_divmodhi4.o)
[...]
Memory Configuration

Name             Origin             Length             Attributes
text             0x00000000         0x00040000         xr
data             0x00800200         0x00002000         rw !x
eeprom           0x00810000         0x00001000         rw !x
fuse             0x00820000         0x00000003         rw !x
lock             0x00830000         0x00000400         rw !x
signature        0x00840000         0x00000400         rw !x
user_signatures  0x00850000         0x00000400         rw !x
*default*        0x00000000         0xffffffff

Linker script and memory map

Address of section .data set to 0x800200
LOAD C:/Program Files (x86)/Atmel/Studio/7.0/Packs/atmel/ATmega_DFP/1.6.364/gcc/dev/atmega2560/avr6/crtatmega2560.o
LOAD castimer/castimer.o
LOAD FreeRTOS-10.4.3-8/src/croutine.o
LOAD FreeRTOS-10.4.3-8/src/event_groups.o
LOAD FreeRTOS-10.4.3-8/src/heap_3.o
LOAD FreeRTOS-10.4.3-8/src/list.o
LOAD FreeRTOS-10.4.3-8/src/port.o
LOAD FreeRTOS-10.4.3-8/src/queue.o
LOAD FreeRTOS-10.4.3-8/src/stream_buffer.o
LOAD FreeRTOS-10.4.3-8/src/tasks.o
LOAD FreeRTOS-10.4.3-8/src/timers.o
LOAD FreeRTOS-10.4.3-8/src/variantHooks.o
LOAD main.o
LOAD src/audio/audiovs.o
LOAD src/audio/meritve.o
LOAD src/audio/pod_funk.o
LOAD src/audio/pod_task.o
LOAD src/core.o
LOAD src/events/events.o
LOAD src/Hardware Functions/timerINTs.o
LOAD src/Hardware Functions/writeOUTPUT.o
LOAD src/includes/structs.o
LOAD src/Power/chrg.o
LOAD src/Power/zaslon.o
LOAD src/thermal.o
LOAD VHOD/vhod.o
START GROUP
LOAD c:/program files (x86)/atmel/studio/7.0/toolchain/avr8/avr8-gnu-toolchain/bin/../lib/gcc/avr/5.4.0/../../../../avr/lib/avr6\libm.a
END GROUP
LOAD c:/program files (x86)/atmel/studio/7.0/toolchain/avr8/avr8-gnu-toolchain/bin/../lib/gcc/avr/5.4.0/avr6\libgcc.a
LOAD c:/program files (x86)/atmel/studio/7.0/toolchain/avr8/avr8-gnu-toolchain/bin/../lib/gcc/avr/5.4.0/../../../../avr/lib/avr6\libm.a
START GROUP
LOAD c:/program files (x86)/atmel/studio/7.0/toolchain/avr8/avr8-gnu-toolchain/bin/../lib/gcc/avr/5.4.0/avr6\libgcc.a
LOAD c:/program files (x86)/atmel/studio/7.0/toolchain/avr8/avr8-gnu-toolchain/bin/../lib/gcc/avr/5.4.0/../../../../avr/lib/avr6\libm.a
LOAD c:/program files (x86)/atmel/studio/7.0/toolchain/avr8/avr8-gnu-toolchain/bin/../lib/gcc/avr/5.4.0/../../../../avr/lib/avr6\libc.a
LOAD C:/Program Files (x86)/Atmel/Studio/7.0/Packs/atmel/ATmega_DFP/1.6.364/gcc/dev/atmega2560/avr6\libatmega2560.a
END GROUP
                0x00000000                __TEXT_REGION_ORIGIN__ = DEFINED (__TEXT_REGION_ORIGIN__)?__TEXT_REGION_ORIGIN__:0x0
                [0x00800200]                __DATA_REGION_ORIGIN__ = DEFINED (__DATA_REGION_ORIGIN__)?__DATA_REGION_ORIGIN__:0x800200
                [0x00040000]                __TEXT_REGION_LENGTH__ = DEFINED (__TEXT_REGION_LENGTH__)?__TEXT_REGION_LENGTH__:0x100000
                [0x00002000]                __DATA_REGION_LENGTH__ = DEFINED (__DATA_REGION_LENGTH__)?__DATA_REGION_LENGTH__:0xfe00
                [0x00001000]                __EEPROM_REGION_LENGTH__ = DEFINED (__EEPROM_REGION_LENGTH__)?__EEPROM_REGION_LENGTH__:0x10000
                [0x00000003]                __FUSE_REGION_LENGTH__ = DEFINED (__FUSE_REGION_LENGTH__)?__FUSE_REGION_LENGTH__:0x400
                0x00000400                __LOCK_REGION_LENGTH__ = DEFINED (__LOCK_REGION_LENGTH__)?__LOCK_REGION_LENGTH__:0x400
                0x00000400                __SIGNATURE_REGION_LENGTH__ = DEFINED (__SIGNATURE_REGION_LENGTH__)?__SIGNATURE_REGION_LENGTH__:0x400
                0x00000400                __USER_SIGNATURE_REGION_LENGTH__ = DEFINED (__USER_SIGNATURE_REGION_LENGTH__)?__USER_SIGNATURE_REGION_LENGTH__:0x400

.hash
 *(.hash)

.dynsym
 *(.dynsym)

.dynstr
 *(.dynstr)

.gnu.version
 *(.gnu.version)

.gnu.version_d
 *(.gnu.version_d)

.gnu.version_r
 *(.gnu.version_r)

.rel.init
 *(.rel.init)

.rela.init
 *(.rela.init)

.rel.text
 *(.rel.text)
 *(.rel.text.*)
 *(.rel.gnu.linkonce.t*)

.rela.text
 *(.rela.text)
 *(.rela.text.*)
 *(.rela.gnu.linkonce.t*)

.rel.fini
 *(.rel.fini)

.rela.fini
 *(.rela.fini)

.rel.rodata
 *(.rel.rodata)
 *(.rel.rodata.*)
 *(.rel.gnu.linkonce.r*)

.rela.rodata
 *(.rela.rodata)
 *(.rela.rodata.*)
 *(.rela.gnu.linkonce.r*)

.rel.data
 *(.rel.data)
 *(.rel.data.*)
 *(.rel.gnu.linkonce.d*)

.rela.data
 *(.rela.data)
 *(.rela.data.*)
 *(.rela.gnu.linkonce.d*)

.rel.ctors
 *(.rel.ctors)

.rela.ctors
 *(.rela.ctors)

.rel.dtors
 *(.rel.dtors)

.rela.dtors
 *(.rela.dtors)

.rel.got
 *(.rel.got)

.rela.got
 *(.rela.got)

.rel.bss
 *(.rel.bss)

.rela.bss
 *(.rela.bss)

.rel.plt
 *(.rel.plt)

.rela.plt
 *(.rela.plt)

.text           0x00000000     0x3e84
 *(.vectors)
 .vectors       0x00000000       0xe4 C:/Program Files (x86)/Atmel/Studio/7.0/Packs/atmel/ATmega_DFP/1.6.364/gcc/dev/atmega2560/avr6/crtatmega2560.o
                0x00000000                __vector_default
                0x00000000                __vectors
 *(.vectors)
 *(.progmem.gcc*)
 .progmem.gcc_sw_table.prvProcessReceivedCommands
                0x000000e4       0x14 FreeRTOS-10.4.3-8/src/timers.o
                0x000000f8                . = ALIGN (0x2)
                0x000000f8                __trampolines_start = .
 *(.trampolines)
 .trampolines   0x000000f8        0x0 linker stubs
 *(.trampolines*)
                0x000000f8                __trampolines_end = .
 *libprintf_flt.a:*(.progmem.data)
 *libc.a:*(.progmem.data)
 *(.progmem*)
                0x000000f8                . = ALIGN (0x2)
 *(.jumptables)
 *(.jumptables*)
 *(.lowtext)
 .lowtext       0x000000f8        0xe FreeRTOS-10.4.3-8/src/tasks.o
 .lowtext       0x00000106       0x1e FreeRTOS-10.4.3-8/src/timers.o
 *(.lowtext*)
                0x00000124                __ctors_start = .
 *(.ctors)
 .ctors         0x00000124        0x2 src/core.o
 .ctors         0x00000126        0x2 src/events/events.o
 .ctors         0x00000128        0x2 src/includes/structs.o
                0x0000012a                __ctors_end = .
                0x0000012a                __dtors_start = .
 *(.dtors)
                0x0000012a                __dtors_end = .
 SORT(*)(.ctors)
 SORT(*)(.dtors)
 *(.init0)
 .init0         0x0000012a        0x0 C:/Program Files (x86)/Atmel/Studio/7.0/Packs/atmel/ATmega_DFP/1.6.364/gcc/dev/atmega2560/avr6/crtatmega2560.o
                0x0000012a                __init
 *(.init0)
 *(.init1)
 *(.init1)
 *(.init2)
 .init2         0x0000012a       0x10 C:/Program Files (x86)/Atmel/Studio/7.0/Packs/atmel/ATmega_DFP/1.6.364/gcc/dev/atmega2560/avr6/crtatmega2560.o
 *(.init2)
 *(.init3)
 *(.init3)
 *(.init4)
 .init4         0x0000013a       0x1a c:/program files (x86)/atmel/studio/7.0/toolchain/avr8/avr8-gnu-toolchain/bin/../lib/gcc/avr/5.4.0/avr6\libgcc.a(_copy_data.o)
                0x0000013a                __do_copy_data
 .init4         0x00000154       0x10 c:/program files (x86)/atmel/studio/7.0/toolchain/avr8/avr8-gnu-toolchain/bin/../lib/gcc/avr/5.4.0/avr6\libgcc.a(_clear_bss.o)
                0x00000154                __do_clear_bss
 *(.init4)
 *(.init5)
 *(.init5)
 *(.init6)
 .init6         0x00000164       0x20 c:/program files (x86)/atmel/studio/7.0/toolchain/avr8/avr8-gnu-toolchain/bin/../lib/gcc/avr/5.4.0/avr6\libgcc.a(_ctors.o)
                0x00000164                __do_global_ctors
 *(.init6)
 *(.init7)
 *(.init7)
 *(.init8)
 *(.init8)
 *(.init9)
 .init9         0x00000184        0x8 C:/Program Files (x86)/Atmel/Studio/7.0/Packs/atmel/ATmega_DFP/1.6.364/gcc/dev/atmega2560/avr6/crtatmega2560.o
 *(.init9)
 *(.text)
 .text          0x0000018c        0x2 C:/Program Files (x86)/Atmel/Studio/7.0/Packs/atmel/ATmega_DFP/1.6.364/gcc/dev/atmega2560/avr6/crtatmega2560.o
                0x0000018c                __vector_38
                0x0000018c                __vector_22
                0x0000018c                __vector_28
                0x0000018c                __vector_1
                0x0000018c                __vector_32
                0x0000018c                __vector_34
                0x0000018c                __vector_24
                0x0000018c                __vector_55
                0x0000018c                __vector_46
                0x0000018c                __bad_interrupt
                0x0000018c                __vector_6
                0x0000018c                __vector_31
                0x0000018c                __vector_35
                0x0000018c                __vector_39
                0x0000018c                __vector_3
                0x0000018c                __vector_23
                0x0000018c                __vector_30
                0x0000018c                __vector_45
                0x0000018c                __vector_25
                0x0000018c                __vector_11
                0x0000018c                __vector_54
                0x0000018c                __vector_13
                0x0000018c                __vector_17
                0x0000018c                __vector_19
                0x0000018c                __vector_56
                0x0000018c                __vector_7
                0x0000018c                __vector_49
                0x0000018c                __vector_41
                0x0000018c                __vector_43
                0x0000018c                __vector_27
                0x0000018c                __vector_5
                0x0000018c                __vector_33
                0x0000018c                __vector_52
                0x0000018c                __vector_37
                0x0000018c                __vector_4
                0x0000018c                __vector_44
                0x0000018c                __vector_51
                0x0000018c                __vector_9
                0x0000018c                __vector_2
                0x0000018c                __vector_21
                0x0000018c                __vector_15
                0x0000018c                __vector_36
                0x0000018c                __vector_29
                0x0000018c                __vector_40
                0x0000018c                __vector_8
                0x0000018c                __vector_26
                0x0000018c                __vector_48
                0x0000018c                __vector_14
                0x0000018c                __vector_53
                0x0000018c                __vector_10
                0x0000018c                __vector_50
                0x0000018c                __vector_16
                0x0000018c                __vector_18
                0x0000018c                __vector_20
                0x0000018c                __vector_42
                0x0000018e                . = ALIGN (0x2)
 *(.text.*)
 .text._ZN8castimer8vrednostEv
                0x0000018e       0x5e castimer/castimer.o
                0x0000018e                _ZN8castimer8vrednostEv
 .text._ZN8castimer9ponastaviEv
                0x000001ec        0x6 castimer/castimer.o
                0x000001ec                _ZN8castimer9ponastaviEv
 .text.pvPortMalloc
                0x000001f2       0x26 FreeRTOS-10.4.3-8/src/heap_3.o
                0x000001f2                pvPortMalloc
 .text.vPortFree
                0x00000218       0x1e FreeRTOS-10.4.3-8/src/heap_3.o
                0x00000218                vPortFree
 .text.vListInitialise
                0x00000236       0x1c FreeRTOS-10.4.3-8/src/list.o
                0x00000236                vListInitialise
 .text.vListInitialiseItem
                0x00000252        0x8 FreeRTOS-10.4.3-8/src/list.o
                0x00000252                vListInitialiseItem
 .text.vListInsertEnd
                0x0000025a       0x42 FreeRTOS-10.4.3-8/src/list.o
                0x0000025a                vListInsertEnd
 .text.vListInsert
                0x0000029c       0x62 FreeRTOS-10.4.3-8/src/list.o
                0x0000029c                vListInsert
 .text.uxListRemove
                0x000002fe       0x4e FreeRTOS-10.4.3-8/src/list.o
                0x000002fe                uxListRemove
 .text.prvSetupTimerInterrupt
                0x0000034c       0x18 FreeRTOS-10.4.3-8/src/port.o
 .text.pxPortInitialiseStack
                0x00000364       0x2e FreeRTOS-10.4.3-8/src/port.o
                0x00000364                pxPortInitialiseStack
 .text.xPortStartScheduler
                0x00000392       0x64 FreeRTOS-10.4.3-8/src/port.o
                0x00000392                xPortStartScheduler
 .text.vPortYield
                0x000003f6       0xc2 FreeRTOS-10.4.3-8/src/port.o
                0x000003f6                vPortYield
 .text.vPortYieldFromTick
                0x000004b8       0xc8 FreeRTOS-10.4.3-8/src/port.o
                0x000004b8                vPortYieldFromTick
 .text.__vector_12
                0x00000580        0x4 FreeRTOS-10.4.3-8/src/port.o
                0x00000580                __vector_12
 .text.prvGetDisinheritPriorityAfterTimeout
                0x00000584       0x20 FreeRTOS-10.4.3-8/src/queue.o
 .text.prvIsQueueEmpty
                0x000005a4       0x1a FreeRTOS-10.4.3-8/src/queue.o
 .text.prvIsQueueFull
                0x000005be       0x1c FreeRTOS-10.4.3-8/src/queue.o
 .text.prvCopyDataToQueue
                0x000005da       0xbe FreeRTOS-10.4.3-8/src/queue.o
 .text.prvCopyDataFromQueue
                0x00000698       0x34 FreeRTOS-10.4.3-8/src/queue.o
 .text.prvUnlockQueue
                0x000006cc       0x68 FreeRTOS-10.4.3-8/src/queue.o
 .text.xQueueGenericReset
                0x00000734       0x86 FreeRTOS-10.4.3-8/src/queue.o
                0x00000734                xQueueGenericReset
 .text.prvInitialiseNewQueue
                0x000007ba       0x24 FreeRTOS-10.4.3-8/src/queue.o
 .text.xQueueGenericCreate
                0x000007de       0x46 FreeRTOS-10.4.3-8/src/queue.o
                0x000007de                xQueueGenericCreate
 .text.xQueueGenericSend
                0x00000824      0x10a FreeRTOS-10.4.3-8/src/queue.o
                0x00000824                xQueueGenericSend
 .text.prvInitialiseMutex
                0x0000092e       0x1e FreeRTOS-10.4.3-8/src/queue.o
 .text.xQueueCreateMutex
                0x0000094c       0x18 FreeRTOS-10.4.3-8/src/queue.o
                0x0000094c                xQueueCreateMutex
 .text.xQueueGenericSendFromISR
                0x00000964       0x76 FreeRTOS-10.4.3-8/src/queue.o
                0x00000964                xQueueGenericSendFromISR
 .text.xQueueReceive
                0x000009da      0x102 FreeRTOS-10.4.3-8/src/queue.o
                0x000009da                xQueueReceive
 .text.xQueueSemaphoreTake
                0x00000adc      0x142 FreeRTOS-10.4.3-8/src/queue.o
                0x00000adc                xQueueSemaphoreTake
 .text.vQueueWaitForMessageRestricted
                0x00000c1e       0x36 FreeRTOS-10.4.3-8/src/queue.o
                0x00000c1e                vQueueWaitForMessageRestricted
 .text.prvTaskIsTaskSuspended
                0x00000c54       0x2e FreeRTOS-10.4.3-8/src/tasks.o
 .text.prvResetNextTaskUnblockTime
                0x00000c82       0x38 FreeRTOS-10.4.3-8/src/tasks.o
 .text.prvDeleteTCB
                0x00000cba       0x16 FreeRTOS-10.4.3-8/src/tasks.o
 .text.prvInitialiseNewTask
                0x00000cd0       0xea FreeRTOS-10.4.3-8/src/tasks.o
 .text.prvInitialiseTaskLists
                0x00000dba       0x62 FreeRTOS-10.4.3-8/src/tasks.o
 .text.prvAddNewTaskToReadyList
                0x00000e1c       0xf6 FreeRTOS-10.4.3-8/src/tasks.o
 .text.prvCheckTasksWaitingTermination
                0x00000f12       0x48 FreeRTOS-10.4.3-8/src/tasks.o
 .text.prvAddCurrentTaskToDelayedList
                0x00000f5a       0xfc FreeRTOS-10.4.3-8/src/tasks.o
 .text.xTaskCreate
                0x00001056       0x92 FreeRTOS-10.4.3-8/src/tasks.o
                0x00001056                xTaskCreate
 .text.vTaskDelete
                0x000010e8       0x96 FreeRTOS-10.4.3-8/src/tasks.o
                0x000010e8                vTaskDelete
 .text.eTaskGetState
                0x0000117e       0x98 FreeRTOS-10.4.3-8/src/tasks.o
                0x0000117e                eTaskGetState
 .text.vTaskResume
                0x00001216       0xc6 FreeRTOS-10.4.3-8/src/tasks.o
                0x00001216                vTaskResume
 .text.vTaskStartScheduler
                0x000012dc       0x5a FreeRTOS-10.4.3-8/src/tasks.o
                0x000012dc                vTaskStartScheduler
 .text.vTaskSuspendAll
                0x00001336        0xc FreeRTOS-10.4.3-8/src/tasks.o
                0x00001336                vTaskSuspendAll
 .text.xTaskGetTickCount
                0x00001342       0x14 FreeRTOS-10.4.3-8/src/tasks.o
                0x00001342                xTaskGetTickCount
 .text.xTaskIncrementTick
                0x00001356      0x232 FreeRTOS-10.4.3-8/src/tasks.o
                0x00001356                xTaskIncrementTick
 .text.xTaskResumeAll
                0x00001588      0x1a6 FreeRTOS-10.4.3-8/src/tasks.o
                0x00001588                xTaskResumeAll
 .text.vTaskDelay
                0x0000172e       0x26 FreeRTOS-10.4.3-8/src/tasks.o
                0x0000172e                vTaskDelay
 .text.vTaskSwitchContext
                0x00001754       0xdc FreeRTOS-10.4.3-8/src/tasks.o
                0x00001754                vTaskSwitchContext
 .text.vTaskSuspend
                0x00001830       0xbe FreeRTOS-10.4.3-8/src/tasks.o
                0x00001830                vTaskSuspend
 .text.vTaskPlaceOnEventList
                0x000018ee       0x22 FreeRTOS-10.4.3-8/src/tasks.o
                0x000018ee                vTaskPlaceOnEventList
 .text.vTaskPlaceOnEventListRestricted
                0x00001910       0x90 FreeRTOS-10.4.3-8/src/tasks.o
                0x00001910                vTaskPlaceOnEventListRestricted
 .text.xTaskRemoveFromEventList
                0x000019a0      0x17a FreeRTOS-10.4.3-8/src/tasks.o
                0x000019a0                xTaskRemoveFromEventList
 .text.vTaskInternalSetTimeOutState
                0x00001b1a       0x16 FreeRTOS-10.4.3-8/src/tasks.o
                0x00001b1a                vTaskInternalSetTimeOutState
 .text.xTaskCheckForTimeOut
                0x00001b30       0x7c FreeRTOS-10.4.3-8/src/tasks.o
                0x00001b30                xTaskCheckForTimeOut
 .text.vTaskMissedYield
                0x00001bac        0x8 FreeRTOS-10.4.3-8/src/tasks.o
                0x00001bac                vTaskMissedYield
 .text.xTaskGetSchedulerState
                0x00001bb4       0x1c FreeRTOS-10.4.3-8/src/tasks.o
                0x00001bb4                xTaskGetSchedulerState
 .text.xTaskPriorityInherit
                0x00001bd0      0x128 FreeRTOS-10.4.3-8/src/tasks.o
                0x00001bd0                xTaskPriorityInherit
 .text.xTaskPriorityDisinherit
                0x00001cf8       0xc6 FreeRTOS-10.4.3-8/src/tasks.o
                0x00001cf8                xTaskPriorityDisinherit
 .text.vTaskPriorityDisinheritAfterTimeout
                0x00001dbe       0xe6 FreeRTOS-10.4.3-8/src/tasks.o
                0x00001dbe                vTaskPriorityDisinheritAfterTimeout
 .text.pvTaskIncrementMutexHeldCount
                0x00001ea4       0x24 FreeRTOS-10.4.3-8/src/tasks.o
                0x00001ea4                pvTaskIncrementMutexHeldCount
 .text.prvGetNextExpireTime
                0x00001ec8       0x2a FreeRTOS-10.4.3-8/src/timers.o
 .text.prvInsertTimerInActiveList
                0x00001ef2       0x5e FreeRTOS-10.4.3-8/src/timers.o
 .text.prvCheckForValidListAndQueue
                0x00001f50       0x52 FreeRTOS-10.4.3-8/src/timers.o
 .text.xTimerCreateTimerTask
                0x00001fa2       0x40 FreeRTOS-10.4.3-8/src/timers.o
                0x00001fa2                xTimerCreateTimerTask
 .text.xTimerGenericCommand
                0x00001fe2       0x8e FreeRTOS-10.4.3-8/src/timers.o
                0x00001fe2                xTimerGenericCommand
 .text.prvSwitchTimerLists
                0x00002070       0xa0 FreeRTOS-10.4.3-8/src/timers.o
 .text.prvSampleTimeNow
                0x00002110       0x3e FreeRTOS-10.4.3-8/src/timers.o
 .text.prvProcessExpiredTimer
                0x0000214e       0x70 FreeRTOS-10.4.3-8/src/timers.o
 .text.prvProcessTimerOrBlockTask
                0x000021be       0x84 FreeRTOS-10.4.3-8/src/timers.o
 .text.prvProcessReceivedCommands
                0x00002242      0x122 FreeRTOS-10.4.3-8/src/timers.o
 .text.vApplicationMallocFailedHook
                0x00002364       0x14 FreeRTOS-10.4.3-8/src/variantHooks.o
                0x00002364                vApplicationMallocFailedHook
 .text.vApplicationStackOverflowHook
                0x00002378       0x1a FreeRTOS-10.4.3-8/src/variantHooks.o
                0x00002378                vApplicationStackOverflowHook
 .text._Z4initv
                0x00002392       0x52 main.o
                0x00002392                _Z4initv
 .text.startup.main
                0x000023e4       0xfc main.o
                0x000023e4                main
 .text._Z12audio_visualPv
                0x000024e0      0x162 src/audio/audiovs.o
                0x000024e0                _Z12audio_visualPv
 .text._Z15AVG_Volume_Meriv
                0x00002642       0xd0 src/audio/meritve.o
                0x00002642                _Z15AVG_Volume_Meriv
 .text._Z24deleteALL_subAUDIO_tasksv
                0x00002712       0x68 src/audio/pod_funk.o
                0x00002712                _Z24deleteALL_subAUDIO_tasksv
 .text._Z9writeTRAKv
                0x0000277a       0xf0 src/audio/pod_funk.o
                0x0000277a                _Z9writeTRAKv
 .text._Z11flash_stripv
                0x0000286a       0x6e src/audio/pod_funk.o
                0x0000286a                _Z11flash_stripv
 .text._Z16color_fade_functPh
                0x000028d8      0x23a src/audio/pod_funk.o
                0x000028d8                _Z16color_fade_functPh
 .text._Z18svetlost_mod_functch
                0x00002b12       0x7e src/audio/pod_funk.o
                0x00002b12                _Z18svetlost_mod_functch
 .text._Z14strip_mode_chgPc
                0x00002b90       0x5a src/audio/pod_funk.o
                0x00002b90                _Z14strip_mode_chgPc
 .text._Z9fade_taskPv
                0x00002bea       0x8a src/audio/pod_task.o
                0x00002bea                _Z9fade_taskPv
 .text._Z15Color_Fade_taskPv
                0x00002c74       0x2c src/audio/pod_task.o
                0x00002c74                _Z15Color_Fade_taskPv
 .text._Z17Fade_Breathe_TaskPv
                0x00002ca0       0x86 src/audio/pod_task.o
                0x00002ca0                _Z17Fade_Breathe_TaskPv
 .text._Z8Shutdownv
                0x00002d26       0x22 src/core.o
                0x00002d26                _Z8Shutdownv
 .text._Z8Power_UPv
                0x00002d48       0x18 src/core.o
                0x00002d48                _Z8Power_UPv
 .text._Z4corePv
                0x00002d60      0x158 src/core.o
                0x00002d60                _Z4corePv
 .text.startup._GLOBAL__sub_I_napajalnik
                0x00002eb8       0x28 src/core.o
 .text._Z4exitv
                0x00002ee0       0x54 src/events/events.o
                0x00002ee0                _Z4exitv
 .text._Z24external_power_switch_evv
                0x00002f34       0x42 src/events/events.o
                0x00002f34                _Z24external_power_switch_evv
 .text._Z24internal_power_switch_evv
                0x00002f76       0x40 src/events/events.o
                0x00002f76                _Z24internal_power_switch_evv
 .text._Z6eventsPv
                0x00002fb6      0x25c src/events/events.o
                0x00002fb6                _Z6eventsPv
 .text.startup._GLOBAL__sub_I_evnt_st
                0x00003212       0x24 src/events/events.o
 .text.__vector_47
                0x00003236       0x56 src/Hardware Functions/timerINTs.o
                0x00003236                __vector_47
 .text._Z6pwmOFFhc
                0x0000328c       0x36 src/Hardware Functions/writeOUTPUT.o
                0x0000328c                _Z6pwmOFFhc
 .text._Z11writeOUTPUThcb
                0x000032c2       0xa6 src/Hardware Functions/writeOUTPUT.o
                0x000032c2                _Z11writeOUTPUThcb
 .text._Z10readANALOGh
                0x00003368       0x24 src/Hardware Functions/writeOUTPUT.o
                0x00003368                _Z10readANALOGh
 .text._Z8writePWMhch
                0x0000338c       0x64 src/Hardware Functions/writeOUTPUT.o
                0x0000338c                _Z8writePWMhch
 .text.startup._GLOBAL__sub_I_Hardware
                0x000033f0       0xd2 src/includes/structs.o
 .text._Z9polnjenjePv
                0x000034c2       0xda src/Power/chrg.o
                0x000034c2                _Z9polnjenjePv
 .text._Z6zaslonPv
                0x0000359c       0xac src/Power/zaslon.o
                0x0000359c                _Z6zaslonPv
 .text._Z7thermalPv
                0x00003648       0x6c src/thermal.o
                0x00003648                _Z7thermalPv
 .text._ZN4VHOD8vrednostEv
                0x000036b4       0x62 VHOD/vhod.o
                0x000036b4                _ZN4VHOD8vrednostEv
 .text._ZN4VHOD11fallingEdgeEv
                0x00003716       0x24 VHOD/vhod.o
                0x00003716                _ZN4VHOD11fallingEdgeEv
 .text.avr-libc.fplib
                0x0000373a        0xa c:/program files (x86)/atmel/studio/7.0/toolchain/avr8/avr8-gnu-toolchain/bin/../lib/gcc/avr/5.4.0/../../../../avr/lib/avr6\libm.a(addsf3.o)
                0x0000373a                __subsf3
                0x0000373c                __addsf3
 .text.avr-libc.fplib
                0x00003744       0xc0 c:/program files (x86)/atmel/studio/7.0/toolchain/avr8/avr8-gnu-toolchain/bin/../lib/gcc/avr/5.4.0/../../../../avr/lib/avr6\libm.a(addsf3x.o)
                0x0000375e                __addsf3x
 .text.avr-libc.fplib
                0x00003804        0x4 c:/program files (x86)/atmel/studio/7.0/toolchain/avr8/avr8-gnu-toolchain/bin/../lib/gcc/avr/5.4.0/../../../../avr/lib/avr6\libm.a(divsf3.o)
                0x00003804                __divsf3
 .text.avr-libc.fplib
                0x00003808       0xcc c:/program files (x86)/atmel/studio/7.0/toolchain/avr8/avr8-gnu-toolchain/bin/../lib/gcc/avr/5.4.0/../../../../avr/lib/avr6\libm.a(divsf3x.o)
                0x0000381e                __divsf3x
                0x00003822                __divsf3_pse
 .text.avr-libc.fplib
                0x000038d4       0x58 c:/program files (x86)/atmel/studio/7.0/toolchain/avr8/avr8-gnu-toolchain/bin/../lib/gcc/avr/5.4.0/../../../../avr/lib/avr6\libm.a(fixunssfsi.o)
                0x000038d4                __fixunssfsi
 .text.avr-libc.fplib
                0x0000392c       0x7a c:/program files (x86)/atmel/studio/7.0/toolchain/avr8/avr8-gnu-toolchain/bin/../lib/gcc/avr/5.4.0/../../../../avr/lib/avr6\libm.a(floatsisf.o)
                0x0000392c                __floatunsisf
                0x00003930                __floatsisf
 .text.avr-libc.fplib
                0x000039a6        0xc c:/program files (x86)/atmel/studio/7.0/toolchain/avr8/avr8-gnu-toolchain/bin/../lib/gcc/avr/5.4.0/../../../../avr/lib/avr6\libm.a(fp_inf.o)
                0x000039a6                __fp_inf
 .text.avr-libc.fplib
                0x000039b2        0x6 c:/program files (x86)/atmel/studio/7.0/toolchain/avr8/avr8-gnu-toolchain/bin/../lib/gcc/avr/5.4.0/../../../../avr/lib/avr6\libm.a(fp_nan.o)
                0x000039b2                __fp_nan
 .text.avr-libc.fplib
                0x000039b8        0xe c:/program files (x86)/atmel/studio/7.0/toolchain/avr8/avr8-gnu-toolchain/bin/../lib/gcc/avr/5.4.0/../../../../avr/lib/avr6\libm.a(fp_pscA.o)
                0x000039b8                __fp_pscA
 .text.avr-libc.fplib
                0x000039c6        0xe c:/program files (x86)/atmel/studio/7.0/toolchain/avr8/avr8-gnu-toolchain/bin/../lib/gcc/avr/5.4.0/../../../../avr/lib/avr6\libm.a(fp_pscB.o)
                0x000039c6                __fp_pscB
 .text.avr-libc.fplib
                0x000039d4       0x22 c:/program files (x86)/atmel/studio/7.0/toolchain/avr8/avr8-gnu-toolchain/bin/../lib/gcc/avr/5.4.0/../../../../avr/lib/avr6\libm.a(fp_round.o)
                0x000039d4                __fp_round
 .text.avr-libc.fplib
                0x000039f6       0x44 c:/program files (x86)/atmel/studio/7.0/toolchain/avr8/avr8-gnu-toolchain/bin/../lib/gcc/avr/5.4.0/../../../../avr/lib/avr6\libm.a(fp_split3.o)
                0x000039f6                __fp_split3
                0x00003a06                __fp_splitA
 .text.avr-libc.fplib
                0x00003a3a        0xe c:/program files (x86)/atmel/studio/7.0/toolchain/avr8/avr8-gnu-toolchain/bin/../lib/gcc/avr/5.4.0/../../../../avr/lib/avr6\libm.a(fp_zero.o)
                0x00003a3a                __fp_zero
                0x00003a3c                __fp_szero
 .text.avr-libc.fplib
                0x00003a48        0x8 c:/program files (x86)/atmel/studio/7.0/toolchain/avr8/avr8-gnu-toolchain/bin/../lib/gcc/avr/5.4.0/../../../../avr/lib/avr6\libm.a(gesf2.o)
                0x00003a48                __gesf2
                0x00003a48                __gtsf2
 .text.avr-libc.fplib
                0x00003a50        0x4 c:/program files (x86)/atmel/studio/7.0/toolchain/avr8/avr8-gnu-toolchain/bin/../lib/gcc/avr/5.4.0/../../../../avr/lib/avr6\libm.a(mulsf3.o)
                0x00003a50                __mulsf3
 .text.avr-libc.fplib
                0x00003a54       0xc2 c:/program files (x86)/atmel/studio/7.0/toolchain/avr8/avr8-gnu-toolchain/bin/../lib/gcc/avr/5.4.0/../../../../avr/lib/avr6\libm.a(mulsf3x.o)
                0x00003a68                __mulsf3x
                0x00003a6c                __mulsf3_pse
 .text.avr-libc.fplib
                0x00003b16       0x48 c:/program files (x86)/atmel/studio/7.0/toolchain/avr8/avr8-gnu-toolchain/bin/../lib/gcc/avr/5.4.0/../../../../avr/lib/avr6\libm.a(fp_cmp.o)
                0x00003b16                __fp_cmp
 .text.libgcc.div
                0x00003b5e       0x26 c:/program files (x86)/atmel/studio/7.0/toolchain/avr8/avr8-gnu-toolchain/bin/../lib/gcc/avr/5.4.0/avr6\libgcc.a(_divmodhi4.o)
                0x00003b5e                _div
                0x00003b5e                __divmodhi4
 .text.libgcc.div
                0x00003b84       0x44 c:/program files (x86)/atmel/studio/7.0/toolchain/avr8/avr8-gnu-toolchain/bin/../lib/gcc/avr/5.4.0/avr6\libgcc.a(_udivmodsi4.o)
                0x00003b84                __udivmodsi4
 .text.libgcc   0x00003bc8       0x10 c:/program files (x86)/atmel/studio/7.0/toolchain/avr8/avr8-gnu-toolchain/bin/../lib/gcc/avr/5.4.0/avr6\libgcc.a(_tablejump2.o)
                0x00003bc8                __tablejump2__
 .text.libgcc.mul
                0x00003bd8       0x1e c:/program files (x86)/atmel/studio/7.0/toolchain/avr8/avr8-gnu-toolchain/bin/../lib/gcc/avr/5.4.0/avr6\libgcc.a(_umulhisi3.o)
                0x00003bd8                __umulhisi3
 .text.libgcc.div
                0x00003bf6       0x28 c:/program files (x86)/atmel/studio/7.0/toolchain/avr8/avr8-gnu-toolchain/bin/../lib/gcc/avr/5.4.0/avr6\libgcc.a(_udivmodhi4.o)
                0x00003bf6                __udivmodhi4
 .text.avr-libc
                0x00003c1e      0x242 c:/program files (x86)/atmel/studio/7.0/toolchain/avr8/avr8-gnu-toolchain/bin/../lib/gcc/avr/5.4.0/../../../../avr/lib/avr6\libc.a(malloc.o)
                0x00003c1e                malloc
                0x00003d4e                free
 .text.avr-libc
                0x00003e60       0x12 c:/program files (x86)/atmel/studio/7.0/toolchain/avr8/avr8-gnu-toolchain/bin/../lib/gcc/avr/5.4.0/../../../../avr/lib/avr6\libc.a(memcpy.o)
                0x00003e60                memcpy
 .text.avr-libc
                0x00003e72        0xe c:/program files (x86)/atmel/studio/7.0/toolchain/avr8/avr8-gnu-toolchain/bin/../lib/gcc/avr/5.4.0/../../../../avr/lib/avr6\libc.a(memset.o)
                0x00003e72                memset
                0x00003e80                . = ALIGN (0x2)
 *(.fini9)
 .fini9         0x00003e80        0x0 c:/program files (x86)/atmel/studio/7.0/toolchain/avr8/avr8-gnu-toolchain/bin/../lib/gcc/avr/5.4.0/avr6\libgcc.a(_exit.o)
                0x00003e80                _exit
                0x00003e80                exit
 *(.fini9)
 *(.fini8)
 *(.fini8)
 *(.fini7)
 *(.fini7)
 *(.fini6)
 *(.fini6)
 *(.fini5)
 *(.fini5)
 *(.fini4)
 *(.fini4)
 *(.fini3)
 *(.fini3)
 *(.fini2)
 *(.fini2)
 *(.fini1)
 *(.fini1)
 *(.fini0)
 .fini0         0x00003e80        0x4 c:/program files (x86)/atmel/studio/7.0/toolchain/avr8/avr8-gnu-toolchain/bin/../lib/gcc/avr/5.4.0/avr6\libgcc.a(_exit.o)
 *(.fini0)
                0x00003e84                _etext = .

.data           0x00800200       0x62 load address 0x00003e84
                0x00800200                PROVIDE (__data_start, .)
 *(.data)
 .data          0x00800200        0x6 c:/program files (x86)/atmel/studio/7.0/toolchain/avr8/avr8-gnu-toolchain/bin/../lib/gcc/avr/5.4.0/../../../../avr/lib/avr6\libc.a(malloc.o)
                0x00800200                __malloc_heap_end
                0x00800202                __malloc_heap_start
                0x00800204                __malloc_margin
 *(.data*)
 .data.uxTopUsedPriority
                0x00800206        0x1 FreeRTOS-10.4.3-8/src/tasks.o
                0x00800206                uxTopUsedPriority
 *(.gnu.linkonce.d*)
 *(.rodata)
 *(.rodata*)
 .rodata.str1.1
                0x00800207        0x5 FreeRTOS-10.4.3-8/src/tasks.o
 .rodata.str1.1
                0x0080020c        0x8 FreeRTOS-10.4.3-8/src/timers.o
 .rodata.str1.1
                0x00800214       0x24 main.o
                                 0x29 (size before relaxing)
 .rodata.str1.1
                0x00800238       0x25 src/audio/audiovs.o
 .rodata.str1.1
                0x0080025d        0x4 src/audio/pod_funk.o
 .rodata.str1.1
                0x00800261        0x4 src/events/events.o
                                  0x5 (size before relaxing)
 *(.gnu.linkonce.r*)
                0x00800266                . = ALIGN (0x2)
 *fill*         0x00800261        0x1 
                0x00800262                _edata = .
                0x00800262                PROVIDE (__data_end, .)

.bss            0x00800262      0x145
                0x00800262                PROVIDE (__bss_start, .)
 *(.bss)
 *(.bss*)
 .bss.uxSchedulerSuspended
                0x00800262        0x1 FreeRTOS-10.4.3-8/src/tasks.o
 .bss.xIdleTaskHandle
                0x00800263        0x2 FreeRTOS-10.4.3-8/src/tasks.o
 .bss.xNextTaskUnblockTime
                0x00800265        0x2 FreeRTOS-10.4.3-8/src/tasks.o
 .bss.uxTaskNumber
                0x00800267        0x1 FreeRTOS-10.4.3-8/src/tasks.o
 .bss.xNumOfOverflows
                0x00800268        0x1 FreeRTOS-10.4.3-8/src/tasks.o
 .bss.xYieldPending
                0x00800269        0x1 FreeRTOS-10.4.3-8/src/tasks.o
 .bss.xPendedTicks
                0x0080026a        0x2 FreeRTOS-10.4.3-8/src/tasks.o
 .bss.xSchedulerRunning
                0x0080026c        0x1 FreeRTOS-10.4.3-8/src/tasks.o
 .bss.uxTopReadyPriority
                0x0080026d        0x1 FreeRTOS-10.4.3-8/src/tasks.o
 .bss.xTickCount
                0x0080026e        0x2 FreeRTOS-10.4.3-8/src/tasks.o
 .bss.uxCurrentNumberOfTasks
                0x00800270        0x1 FreeRTOS-10.4.3-8/src/tasks.o
 .bss.xSuspendedTaskList
                0x00800271        0x9 FreeRTOS-10.4.3-8/src/tasks.o
 .bss.uxDeletedTasksWaitingCleanUp
                0x0080027a        0x1 FreeRTOS-10.4.3-8/src/tasks.o
 .bss.xTasksWaitingTermination
                0x0080027b        0x9 FreeRTOS-10.4.3-8/src/tasks.o
 .bss.xPendingReadyList
                0x00800284        0x9 FreeRTOS-10.4.3-8/src/tasks.o
 .bss.pxOverflowDelayedTaskList
                0x0080028d        0x2 FreeRTOS-10.4.3-8/src/tasks.o
 .bss.pxDelayedTaskList
                0x0080028f        0x2 FreeRTOS-10.4.3-8/src/tasks.o
 .bss.xDelayedTaskList2
                0x00800291        0x9 FreeRTOS-10.4.3-8/src/tasks.o
 .bss.xDelayedTaskList1
                0x0080029a        0x9 FreeRTOS-10.4.3-8/src/tasks.o
 .bss.pxReadyTasksLists
                0x008002a3       0x24 FreeRTOS-10.4.3-8/src/tasks.o
 .bss.pxCurrentTCB
                0x008002c7        0x2 FreeRTOS-10.4.3-8/src/tasks.o
                0x008002c7                pxCurrentTCB
 .bss.xLastTime.2436
                0x008002c9        0x2 FreeRTOS-10.4.3-8/src/timers.o
 .bss.xTimerTaskHandle
                0x008002cb        0x2 FreeRTOS-10.4.3-8/src/timers.o
 .bss.xTimerQueue
                0x008002cd        0x2 FreeRTOS-10.4.3-8/src/timers.o
 .bss.pxOverflowTimerList
                0x008002cf        0x2 FreeRTOS-10.4.3-8/src/timers.o
 .bss.pxCurrentTimerList
                0x008002d1        0x2 FreeRTOS-10.4.3-8/src/timers.o
 .bss.xActiveTimerList2
                0x008002d3        0x9 FreeRTOS-10.4.3-8/src/timers.o
 .bss.xActiveTimerList1
                0x008002dc        0x9 FreeRTOS-10.4.3-8/src/timers.o
 .bss.voltage_SEM
                0x008002e5        0x2 main.o
                0x008002e5                voltage_SEM
 .bss.thermal_control
                0x008002e7        0x2 main.o
                0x008002e7                thermal_control
 .bss.chrg_control
                0x008002e9        0x2 main.o
                0x008002e9                chrg_control
 .bss.zaslon_control
                0x008002eb        0x2 main.o
                0x008002eb                zaslon_control
 .bss.audio_system_control
                0x008002ed        0x2 main.o
                0x008002ed                audio_system_control
 .bss.event_control
                0x008002ef        0x2 main.o
                0x008002ef                event_control
 .bss.core_control
                0x008002f1        0x2 main.o
                0x008002f1                core_control
 .bss._ZZ12audio_visualPvE12barva_selekt
                0x008002f3        0x1 src/audio/audiovs.o
 .bss.Breathe_control
                0x008002f4        0x2 src/audio/audiovs.o
                0x008002f4                Breathe_control
 .bss.color_fade_control
                0x008002f6        0x2 src/audio/audiovs.o
                0x008002f6                color_fade_control
 .bss.fade_control
                0x008002f8        0x2 src/audio/audiovs.o
                0x008002f8                fade_control
 .bss._ZZ15AVG_Volume_MerivE8st_branj
                0x008002fa        0x2 src/audio/meritve.o
 .bss._ZZ15AVG_Volume_MerivE11vsota_branj
                0x008002fc        0x4 src/audio/meritve.o
 .bss._ZZ15AVG_Volume_MerivE13max_izmerjeno
                0x00800300        0x2 src/audio/meritve.o
 .bss.stikalo   0x00800302        0x9 src/core.o
                0x00800302                stikalo
 .bss.napajalnik
                0x0080030b        0x9 src/core.o
                0x0080030b                napajalnik
 .bss.eventSW   0x00800314        0x9 src/events/events.o
                0x00800314                eventSW
 .bss.evnt_st   0x0080031d        0xf src/events/events.o
                0x0080031d                evnt_st
 .bss.mozne_barve
                0x0080032c       0x28 src/includes/structs.o
                0x0080032c                mozne_barve
 .bss.AUSYS_vars
                0x00800354        0xa src/includes/structs.o
                0x00800354                AUSYS_vars
 .bss.Timers    0x0080035e       0x2d src/includes/structs.o
                0x0080035e                Timers
 .bss.Hardware  0x0080038b       0x18 src/includes/structs.o
                0x0080038b                Hardware
 *(COMMON)
 COMMON         0x008003a3        0x4 c:/program files (x86)/atmel/studio/7.0/toolchain/avr8/avr8-gnu-toolchain/bin/../lib/gcc/avr/5.4.0/../../../../avr/lib/avr6\libc.a(malloc.o)
                0x008003a3                __brkval
                0x008003a5                __flp
                0x008003a7                PROVIDE (__bss_end, .)
                0x00003e84                __data_load_start = LOADADDR (.data)
                0x00003ee6                __data_load_end = (__data_load_start + SIZEOF (.data))

.noinit         0x008003a7        0x0
                [!provide]                PROVIDE (__noinit_start, .)
 *(.noinit*)
                [!provide]                PROVIDE (__noinit_end, .)
                0x008003a7                _end = .
                0x008003a7                PROVIDE (__heap_start, .)

.eeprom         0x00810000        0x0
 *(.eeprom*)
                0x00810000                __eeprom_end = .

.fuse
 *(.fuse)
 *(.lfuse)
 *(.hfuse)
 *(.efuse)

.lock
 *(.lock*)

.signature
 *(.signature*)

.user_signatures
 *(.user_signatures*)

.stab
 *(.stab)

.stabstr
 *(.stabstr)

.stab.excl
 *(.stab.excl)

.stab.exclstr
 *(.stab.exclstr)

.stab.index
 *(.stab.index)

.stab.indexstr
 *(.stab.indexstr)

.comment        0x00000000       0x30
 *(.comment)
 .comment       0x00000000       0x30 castimer/castimer.o
                                 0x31 (size before relaxing)
 .comment       0x00000030       0x31 FreeRTOS-10.4.3-8/src/heap_3.o
 .comment       0x00000030       0x31 FreeRTOS-10.4.3-8/src/list.o
 .comment       0x00000030       0x31 FreeRTOS-10.4.3-8/src/port.o
 .comment       0x00000030       0x31 FreeRTOS-10.4.3-8/src/queue.o
 .comment       0x00000030       0x31 FreeRTOS-10.4.3-8/src/tasks.o
 .comment       0x00000030       0x31 FreeRTOS-10.4.3-8/src/timers.o
 .comment       0x00000030       0x31 FreeRTOS-10.4.3-8/src/variantHooks.o
 .comment       0x00000030       0x31 main.o
 .comment       0x00000030       0x31 src/audio/audiovs.o
 .comment       0x00000030       0x31 src/audio/meritve.o
 .comment       0x00000030       0x31 src/audio/pod_funk.o
 .comment       0x00000030       0x31 src/audio/pod_task.o
 .comment       0x00000030       0x31 src/core.o
 .comment       0x00000030       0x31 src/events/events.o
 .comment       0x00000030       0x31 src/Hardware Functions/timerINTs.o
 .comment       0x00000030       0x31 src/Hardware Functions/writeOUTPUT.o
 .comment       0x00000030       0x31 src/includes/structs.o
 .comment       0x00000030       0x31 src/Power/chrg.o
 .comment       0x00000030       0x31 src/Power/zaslon.o
 .comment       0x00000030       0x31 src/thermal.o
 .comment       0x00000030       0x31 VHOD/vhod.o
 .comment       0x00000030       0x31 c:/program files (x86)/atmel/studio/7.0/toolchain/avr8/avr8-gnu-toolchain/bin/../lib/gcc/avr/5.4.0/../../../../avr/lib/avr6\libc.a(malloc.o)

.note.gnu.avr.deviceinfo
                0x00000000       0x40
 .note.gnu.avr.deviceinfo
                0x00000000       0x40 C:/Program Files (x86)/Atmel/Studio/7.0/Packs/atmel/ATmega_DFP/1.6.364/gcc/dev/atmega2560/avr6/crtatmega2560.o

.note.gnu.build-id
 *(.note.gnu.build-id)

.debug
 *(.debug)

.line
 *(.line)

.debug_srcinfo
 *(.debug_srcinfo)

.debug_sfnames
 *(.debug_sfnames)

.debug_aranges  0x00000000      0x730
 *(.debug_aranges)
 .debug_aranges
                0x00000000       0x28 castimer/castimer.o
 .debug_aranges
                0x00000028       0x28 FreeRTOS-10.4.3-8/src/heap_3.o
 .debug_aranges
                0x00000050       0x40 FreeRTOS-10.4.3-8/src/list.o
 .debug_aranges
                0x00000090       0x58 FreeRTOS-10.4.3-8/src/port.o
 .debug_aranges
                0x000000e8      0x100 FreeRTOS-10.4.3-8/src/queue.o
 .debug_aranges
                0x000001e8      0x1d8 FreeRTOS-10.4.3-8/src/tasks.o
 .debug_aranges
                0x000003c0       0xc8 FreeRTOS-10.4.3-8/src/timers.o
 .debug_aranges
                0x00000488       0x40 FreeRTOS-10.4.3-8/src/variantHooks.o
 .debug_aranges
                0x000004c8       0x28 main.o
 .debug_aranges
                0x000004f0       0x20 src/audio/audiovs.o
 .debug_aranges
                0x00000510       0x20 src/audio/meritve.o
 .debug_aranges
                0x00000530       0x50 src/audio/pod_funk.o
 .debug_aranges
                0x00000580       0x30 src/audio/pod_task.o
 .debug_aranges
                0x000005b0       0x38 src/core.o
 .debug_aranges
                0x000005e8       0x40 src/events/events.o
 .debug_aranges
                0x00000628       0x20 src/Hardware Functions/timerINTs.o
 .debug_aranges
                0x00000648       0x38 src/Hardware Functions/writeOUTPUT.o
 .debug_aranges
                0x00000680       0x20 src/includes/structs.o
 .debug_aranges
                0x000006a0       0x20 src/Power/chrg.o
 .debug_aranges
                0x000006c0       0x20 src/Power/zaslon.o
 .debug_aranges
                0x000006e0       0x20 src/thermal.o
 .debug_aranges
                0x00000700       0x30 VHOD/vhod.o

.debug_pubnames
 *(.debug_pubnames)

.debug_info     0x00000000     0xa37c
 *(.debug_info .gnu.linkonce.wi.*)
 .debug_info    0x00000000      0xbbc C:/Program Files (x86)/Atmel/Studio/7.0/Packs/atmel/ATmega_DFP/1.6.364/gcc/dev/atmega2560/avr6/crtatmega2560.o
 .debug_info    0x00000bbc      0x207 castimer/castimer.o
 .debug_info    0x00000dc3      0x19f FreeRTOS-10.4.3-8/src/heap_3.o
 .debug_info    0x00000f62      0x2ea FreeRTOS-10.4.3-8/src/list.o
 .debug_info    0x0000124c      0x2f4 FreeRTOS-10.4.3-8/src/port.o
 .debug_info    0x00001540     0x1840 FreeRTOS-10.4.3-8/src/queue.o
 .debug_info    0x00002d80     0x229a FreeRTOS-10.4.3-8/src/tasks.o
 .debug_info    0x0000501a     0x1040 FreeRTOS-10.4.3-8/src/timers.o
 .debug_info    0x0000605a      0x28d FreeRTOS-10.4.3-8/src/variantHooks.o
 .debug_info    0x000062e7      0x484 main.o
 .debug_info    0x0000676b      0x5a4 src/audio/audiovs.o
 .debug_info    0x00006d0f      0x24d src/audio/meritve.o
 .debug_info    0x00006f5c      0x6e5 src/audio/pod_funk.o
 .debug_info    0x00007641      0x35f src/audio/pod_task.o
 .debug_info    0x000079a0      0x7bd src/core.o
 .debug_info    0x0000815d      0xcf0 src/events/events.o
 .debug_info    0x00008e4d      0x157 src/Hardware Functions/timerINTs.o
 .debug_info    0x00008fa4      0x1d8 src/Hardware Functions/writeOUTPUT.o
 .debug_info    0x0000917c      0x53d src/includes/structs.o
 .debug_info    0x000096b9      0x3d4 src/Power/chrg.o
 .debug_info    0x00009a8d      0x4be src/Power/zaslon.o
 .debug_info    0x00009f4b      0x212 src/thermal.o
 .debug_info    0x0000a15d      0x21f VHOD/vhod.o

.debug_abbrev   0x00000000     0x2e3a
 *(.debug_abbrev)
 .debug_abbrev  0x00000000      0xb1a C:/Program Files (x86)/Atmel/Studio/7.0/Packs/atmel/ATmega_DFP/1.6.364/gcc/dev/atmega2560/avr6/crtatmega2560.o
 .debug_abbrev  0x00000b1a      0x126 castimer/castimer.o
 .debug_abbrev  0x00000c40      0x107 FreeRTOS-10.4.3-8/src/heap_3.o
 .debug_abbrev  0x00000d47       0xff FreeRTOS-10.4.3-8/src/list.o
 .debug_abbrev  0x00000e46      0x179 FreeRTOS-10.4.3-8/src/port.o
 .debug_abbrev  0x00000fbf      0x241 FreeRTOS-10.4.3-8/src/queue.o
 .debug_abbrev  0x00001200      0x2b7 FreeRTOS-10.4.3-8/src/tasks.o
 .debug_abbrev  0x000014b7      0x28c FreeRTOS-10.4.3-8/src/timers.o
 .debug_abbrev  0x00001743      0x159 FreeRTOS-10.4.3-8/src/variantHooks.o
 .debug_abbrev  0x0000189c      0x135 main.o
 .debug_abbrev  0x000019d1      0x1d8 src/audio/audiovs.o
 .debug_abbrev  0x00001ba9      0x154 src/audio/meritve.o
 .debug_abbrev  0x00001cfd      0x1d0 src/audio/pod_funk.o
 .debug_abbrev  0x00001ecd      0x138 src/audio/pod_task.o
 .debug_abbrev  0x00002005      0x274 src/core.o
 .debug_abbrev  0x00002279      0x326 src/events/events.o
 .debug_abbrev  0x0000259f       0x94 src/Hardware Functions/timerINTs.o
 .debug_abbrev  0x00002633      0x12c src/Hardware Functions/writeOUTPUT.o
 .debug_abbrev  0x0000275f      0x19d src/includes/structs.o
 .debug_abbrev  0x000028fc      0x187 src/Power/chrg.o
 .debug_abbrev  0x00002a83      0x191 src/Power/zaslon.o
 .debug_abbrev  0x00002c14      0x113 src/thermal.o
 .debug_abbrev  0x00002d27      0x113 VHOD/vhod.o

.debug_line     0x00000000     0x509b
 *(.debug_line .debug_line.* .debug_line_end)
 .debug_line    0x00000000      0x1fa C:/Program Files (x86)/Atmel/Studio/7.0/Packs/atmel/ATmega_DFP/1.6.364/gcc/dev/atmega2560/avr6/crtatmega2560.o
 .debug_line    0x000001fa      0x112 castimer/castimer.o
 .debug_line    0x0000030c      0x17e FreeRTOS-10.4.3-8/src/heap_3.o
 .debug_line    0x0000048a      0x1e4 FreeRTOS-10.4.3-8/src/list.o
 .debug_line    0x0000066e      0x293 FreeRTOS-10.4.3-8/src/port.o
 .debug_line    0x00000901      0xc0f FreeRTOS-10.4.3-8/src/queue.o
 .debug_line    0x00001510     0x166f FreeRTOS-10.4.3-8/src/tasks.o
 .debug_line    0x00002b7f      0x621 FreeRTOS-10.4.3-8/src/timers.o
 .debug_line    0x000031a0      0x254 FreeRTOS-10.4.3-8/src/variantHooks.o
 .debug_line    0x000033f4      0x1cf main.o
 .debug_line    0x000035c3      0x241 src/audio/audiovs.o
 .debug_line    0x00003804      0x147 src/audio/meritve.o
 .debug_line    0x0000394b      0x45a src/audio/pod_funk.o
 .debug_line    0x00003da5      0x1a3 src/audio/pod_task.o
 .debug_line    0x00003f48      0x2a1 src/core.o
 .debug_line    0x000041e9      0x498 src/events/events.o
 .debug_line    0x00004681       0xfb src/Hardware Functions/timerINTs.o
 .debug_line    0x0000477c      0x21b src/Hardware Functions/writeOUTPUT.o
 .debug_line    0x00004997      0x14c src/includes/structs.o
 .debug_line    0x00004ae3      0x1d9 src/Power/chrg.o
 .debug_line    0x00004cbc      0x1ad src/Power/zaslon.o
 .debug_line    0x00004e69      0x116 src/thermal.o
 .debug_line    0x00004f7f      0x11c VHOD/vhod.o

.debug_frame    0x00000000     0x1380
 *(.debug_frame)
 .debug_frame   0x00000000       0x40 castimer/castimer.o
 .debug_frame   0x00000040       0x4c FreeRTOS-10.4.3-8/src/heap_3.o
 .debug_frame   0x0000008c       0x88 FreeRTOS-10.4.3-8/src/list.o
 .debug_frame   0x00000114       0x94 FreeRTOS-10.4.3-8/src/port.o
 .debug_frame   0x000001a8      0x3ac FreeRTOS-10.4.3-8/src/queue.o
 .debug_frame   0x00000554      0x6dc FreeRTOS-10.4.3-8/src/tasks.o
 .debug_frame   0x00000c30      0x2d4 FreeRTOS-10.4.3-8/src/timers.o
 .debug_frame   0x00000f04       0x64 FreeRTOS-10.4.3-8/src/variantHooks.o
 .debug_frame   0x00000f68       0x44 main.o
 .debug_frame   0x00000fac       0x24 src/audio/audiovs.o
 .debug_frame   0x00000fd0       0x24 src/audio/meritve.o
 .debug_frame   0x00000ff4       0xe8 src/audio/pod_funk.o
 .debug_frame   0x000010dc       0x50 src/audio/pod_task.o
 .debug_frame   0x0000112c       0x54 src/core.o
 .debug_frame   0x00001180       0x64 src/events/events.o
 .debug_frame   0x000011e4       0x4c src/Hardware Functions/timerINTs.o
 .debug_frame   0x00001230       0x64 src/Hardware Functions/writeOUTPUT.o
 .debug_frame   0x00001294       0x24 src/includes/structs.o
 .debug_frame   0x000012b8       0x24 src/Power/chrg.o
 .debug_frame   0x000012dc       0x24 src/Power/zaslon.o
 .debug_frame   0x00001300       0x24 src/thermal.o
 .debug_frame   0x00001324       0x5c VHOD/vhod.o

.debug_str      0x00000000     0x2a51
 *(.debug_str)
 .debug_str     0x00000000      0x3e6 C:/Program Files (x86)/Atmel/Studio/7.0/Packs/atmel/ATmega_DFP/1.6.364/gcc/dev/atmega2560/avr6/crtatmega2560.o
 .debug_str     0x000003e6      0x23f castimer/castimer.o
                                0x28a (size before relaxing)
 .debug_str     0x00000625      0x150 FreeRTOS-10.4.3-8/src/heap_3.o
                                0x214 (size before relaxing)
 .debug_str     0x00000775      0x165 FreeRTOS-10.4.3-8/src/list.o
                                0x2e7 (size before relaxing)
 .debug_str     0x000008da      0x16e FreeRTOS-10.4.3-8/src/port.o
                                0x313 (size before relaxing)
 .debug_str     0x00000a48      0x6bb FreeRTOS-10.4.3-8/src/queue.o
                                0x99b (size before relaxing)
 .debug_str     0x00001103      0xa6d FreeRTOS-10.4.3-8/src/tasks.o
                                0xff0 (size before relaxing)
 .debug_str     0x00001b70      0x41d FreeRTOS-10.4.3-8/src/timers.o
                                0x852 (size before relaxing)
 .debug_str     0x00001f8d       0xe4 FreeRTOS-10.4.3-8/src/variantHooks.o
                                0x2f7 (size before relaxing)
 .debug_str     0x00002071      0x14f main.o
                                0x394 (size before relaxing)
 .debug_str     0x000021c0      0x1be src/audio/audiovs.o
                                0x50e (size before relaxing)
 .debug_str     0x0000237e       0x48 src/audio/meritve.o
                                0x31b (size before relaxing)
 .debug_str     0x000023c6      0x16a src/audio/pod_funk.o
                                0x4f6 (size before relaxing)
 .debug_str     0x00002530       0x83 src/audio/pod_task.o
                                0x37f (size before relaxing)
 .debug_str     0x000025b3      0x16f src/core.o
                                0x5da (size before relaxing)
 .debug_str     0x00002722      0x19e src/events/events.o
                                0x855 (size before relaxing)
 .debug_str     0x000028c0       0x34 src/Hardware Functions/timerINTs.o
                                0x253 (size before relaxing)
 .debug_str     0x000028f4       0x3d src/Hardware Functions/writeOUTPUT.o
                                0x23c (size before relaxing)
 .debug_str     0x00002931       0x6f src/includes/structs.o
                                0x4b3 (size before relaxing)
 .debug_str     0x000029a0       0x2f src/Power/chrg.o
                                0x3cd (size before relaxing)
 .debug_str     0x000029cf       0x36 src/Power/zaslon.o
                                0x4b4 (size before relaxing)
 .debug_str     0x00002a05       0x3b src/thermal.o
                                0x2d4 (size before relaxing)
 .debug_str     0x00002a40       0x11 VHOD/vhod.o
                                0x24f (size before relaxing)

.debug_loc      0x00000000     0x6885
 *(.debug_loc)
 .debug_loc     0x00000000       0x57 castimer/castimer.o
 .debug_loc     0x00000057      0x102 FreeRTOS-10.4.3-8/src/heap_3.o
 .debug_loc     0x00000159      0x145 FreeRTOS-10.4.3-8/src/list.o
 .debug_loc     0x0000029e       0xf6 FreeRTOS-10.4.3-8/src/port.o
 .debug_loc     0x00000394     0x1c27 FreeRTOS-10.4.3-8/src/queue.o
 .debug_loc     0x00001fbb     0x2b23 FreeRTOS-10.4.3-8/src/tasks.o
 .debug_loc     0x00004ade      0xf2a FreeRTOS-10.4.3-8/src/timers.o
 .debug_loc     0x00005a08       0xb4 FreeRTOS-10.4.3-8/src/variantHooks.o
 .debug_loc     0x00005abc       0x3c main.o
 .debug_loc     0x00005af8       0xba src/audio/audiovs.o
 .debug_loc     0x00005bb2       0x30 src/audio/meritve.o
 .debug_loc     0x00005be2      0x35d src/audio/pod_funk.o
 .debug_loc     0x00005f3f       0xe1 src/audio/pod_task.o
 .debug_loc     0x00006020       0x8c src/core.o
 .debug_loc     0x000060ac      0x28f src/events/events.o
 .debug_loc     0x0000633b       0x7d src/Hardware Functions/timerINTs.o
 .debug_loc     0x000063b8      0x348 src/Hardware Functions/writeOUTPUT.o
 .debug_loc     0x00006700       0x29 src/includes/structs.o
 .debug_loc     0x00006729       0x26 src/Power/chrg.o
 .debug_loc     0x0000674f       0x26 src/Power/zaslon.o
 .debug_loc     0x00006775      0x110 VHOD/vhod.o

.debug_macinfo
 *(.debug_macinfo)

.debug_weaknames
 *(.debug_weaknames)

.debug_funcnames
 *(.debug_funcnames)

.debug_typenames
 *(.debug_typenames)

.debug_varnames
 *(.debug_varnames)

.debug_pubtypes
 *(.debug_pubtypes)

.debug_ranges   0x00000000      0x6c0
 *(.debug_ranges)
 .debug_ranges  0x00000000       0x18 castimer/castimer.o
 .debug_ranges  0x00000018       0x18 FreeRTOS-10.4.3-8/src/heap_3.o
 .debug_ranges  0x00000030       0x30 FreeRTOS-10.4.3-8/src/list.o
 .debug_ranges  0x00000060       0x48 FreeRTOS-10.4.3-8/src/port.o
 .debug_ranges  0x000000a8      0x138 FreeRTOS-10.4.3-8/src/queue.o
 .debug_ranges  0x000001e0      0x228 FreeRTOS-10.4.3-8/src/tasks.o
 .debug_ranges  0x00000408       0xb8 FreeRTOS-10.4.3-8/src/timers.o
 .debug_ranges  0x000004c0       0x30 FreeRTOS-10.4.3-8/src/variantHooks.o
 .debug_ranges  0x000004f0       0x18 main.o
 .debug_ranges  0x00000508       0x28 src/audio/audiovs.o
 .debug_ranges  0x00000530       0x10 src/audio/meritve.o
 .debug_ranges  0x00000540       0x70 src/audio/pod_funk.o
 .debug_ranges  0x000005b0       0x20 src/audio/pod_task.o
 .debug_ranges  0x000005d0       0x28 src/core.o
 .debug_ranges  0x000005f8       0x30 src/events/events.o
 .debug_ranges  0x00000628       0x10 src/Hardware Functions/timerINTs.o
 .debug_ranges  0x00000638       0x28 src/Hardware Functions/writeOUTPUT.o
 .debug_ranges  0x00000660       0x10 src/includes/structs.o
 .debug_ranges  0x00000670       0x10 src/Power/chrg.o
 .debug_ranges  0x00000680       0x10 src/Power/zaslon.o
 .debug_ranges  0x00000690       0x10 src/thermal.o
 .debug_ranges  0x000006a0       0x20 VHOD/vhod.o

.debug_macro
 *(.debug_macro)
OUTPUT(GccApplication1.elf elf32-avr)
LOAD linker stubs
